Archive member included to satisfy reference by file (symbol)

app/libapp.a(main.c.obj)      (--whole-archive)
zephyr/libzephyr.a(validate_libc.c.obj)
                              (--whole-archive)
zephyr/libzephyr.a(heap.c.obj)
                              (--whole-archive)
zephyr/libzephyr.a(cbprintf_packaged.c.obj)
                              (--whole-archive)
zephyr/libzephyr.a(clock.c.obj)
                              (--whole-archive)
zephyr/libzephyr.a(printk.c.obj)
                              (--whole-archive)
zephyr/libzephyr.a(sem.c.obj)
                              (--whole-archive)
zephyr/libzephyr.a(thread_entry.c.obj)
                              (--whole-archive)
zephyr/libzephyr.a(cbprintf_complete.c.obj)
                              (--whole-archive)
zephyr/libzephyr.a(assert.c.obj)
                              (--whole-archive)
zephyr/libzephyr.a(dec.c.obj)
                              (--whole-archive)
zephyr/libzephyr.a(hex.c.obj)
                              (--whole-archive)
zephyr/libzephyr.a(rb.c.obj)  (--whole-archive)
zephyr/libzephyr.a(timeutil.c.obj)
                              (--whole-archive)
zephyr/libzephyr.a(bitarray.c.obj)
                              (--whole-archive)
zephyr/libzephyr.a(bitmask.c.obj)
                              (--whole-archive)
zephyr/libzephyr.a(onoff.c.obj)
                              (--whole-archive)
zephyr/libzephyr.a(notify.c.obj)
                              (--whole-archive)
zephyr/libzephyr.a(ring_buffer.c.obj)
                              (--whole-archive)
zephyr/libzephyr.a(last_section_id.c.obj)
                              (--whole-archive)
zephyr/libzephyr.a(configs.c.obj)
                              (--whole-archive)
zephyr/libzephyr.a(thread_info.c.obj)
                              (--whole-archive)
zephyr/libzephyr.a(mem_attr.c.obj)
                              (--whole-archive)
zephyr/libzephyr.a(tracing_none.c.obj)
                              (--whole-archive)
zephyr/libzephyr.a(banner.c.obj)
                              (--whole-archive)
zephyr/libzephyr.a(hci_vs_sdc.c.obj)
                              (--whole-archive)
zephyr/libzephyr.a(host_extensions.c.obj)
                              (--whole-archive)
zephyr/arch/common/libarch__common.a(sw_isr_common.c.obj)
                              (--whole-archive)
zephyr/arch/common/libarch__common.a(init.c.obj)
                              (--whole-archive)
zephyr/arch/common/libarch__common.a(xip.c.obj)
                              (--whole-archive)
zephyr/arch/arch/arm/core/libarch__arm__core.a(fatal.c.obj)
                              (--whole-archive)
zephyr/arch/arch/arm/core/libarch__arm__core.a(nmi.c.obj)
                              (--whole-archive)
zephyr/arch/arch/arm/core/libarch__arm__core.a(nmi_on_reset.S.obj)
                              (--whole-archive)
zephyr/arch/arch/arm/core/libarch__arm__core.a(tls.c.obj)
                              (--whole-archive)
zephyr/arch/arch/arm/core/cortex_m/libarch__arm__core__cortex_m.a(exc_exit.c.obj)
                              (--whole-archive)
zephyr/arch/arch/arm/core/cortex_m/libarch__arm__core__cortex_m.a(fault.c.obj)
                              (--whole-archive)
zephyr/arch/arch/arm/core/cortex_m/libarch__arm__core__cortex_m.a(fault_s.S.obj)
                              (--whole-archive)
zephyr/arch/arch/arm/core/cortex_m/libarch__arm__core__cortex_m.a(fpu.c.obj)
                              (--whole-archive)
zephyr/arch/arch/arm/core/cortex_m/libarch__arm__core__cortex_m.a(reset.S.obj)
                              (--whole-archive)
zephyr/arch/arch/arm/core/cortex_m/libarch__arm__core__cortex_m.a(scb.c.obj)
                              (--whole-archive)
zephyr/arch/arch/arm/core/cortex_m/libarch__arm__core__cortex_m.a(thread_abort.c.obj)
                              (--whole-archive)
zephyr/arch/arch/arm/core/cortex_m/libarch__arm__core__cortex_m.a(vector_table.S.obj)
                              (--whole-archive)
zephyr/arch/arch/arm/core/cortex_m/libarch__arm__core__cortex_m.a(swap_helper.S.obj)
                              (--whole-archive)
zephyr/arch/arch/arm/core/cortex_m/libarch__arm__core__cortex_m.a(irq_manage.c.obj)
                              (--whole-archive)
zephyr/arch/arch/arm/core/cortex_m/libarch__arm__core__cortex_m.a(prep_c.c.obj)
                              (--whole-archive)
zephyr/arch/arch/arm/core/cortex_m/libarch__arm__core__cortex_m.a(thread.c.obj)
                              (--whole-archive)
zephyr/arch/arch/arm/core/cortex_m/libarch__arm__core__cortex_m.a(cpu_idle.c.obj)
                              (--whole-archive)
zephyr/arch/arch/arm/core/cortex_m/libarch__arm__core__cortex_m.a(irq_init.c.obj)
                              (--whole-archive)
zephyr/arch/arch/arm/core/cortex_m/libarch__arm__core__cortex_m.a(isr_wrapper.c.obj)
                              (--whole-archive)
[...]
Memory Configuration

Name             Origin             Length             Attributes
FLASH            0x0000000000000000 0x0000000000080000 xr
RAM              0x0000000020000000 0x0000000000010000 xw
IDT_LIST         0x00000000ffff7fff 0x0000000000008000 xw
*default*        0x0000000000000000 0xffffffffffffffff

Linker script and memory map

                0x0000000000016374                vfprintf = __l_vfprintf
                0x0000000000000000                vfscanf = __l_vfscanf
LOAD zephyr/CMakeFiles/zephyr_final.dir/misc/empty_file.c.obj
LOAD zephyr/CMakeFiles/zephyr_final.dir/isr_tables.c.obj
LOAD zephyr/CMakeFiles/offsets.dir/./arch/arm/core/offsets/offsets.c.obj
LOAD app/libapp.a
LOAD zephyr/libzephyr.a
LOAD zephyr/arch/common/libarch__common.a
LOAD zephyr/arch/arch/arm/core/libarch__arm__core.a
LOAD zephyr/arch/arch/arm/core/cortex_m/libarch__arm__core__cortex_m.a
LOAD zephyr/arch/arch/arm/core/mpu/libarch__arm__core__mpu.a
LOAD zephyr/lib/libc/picolibc/liblib__libc__picolibc.a
LOAD zephyr/lib/libc/common/liblib__libc__common.a
LOAD zephyr/lib/net_buf/liblib__net_buf.a
LOAD zephyr/soc/soc/nrf52832/libsoc__nordic.a
LOAD zephyr/subsys/random/libsubsys__random.a
LOAD zephyr/subsys/bluetooth/common/libsubsys__bluetooth__common.a
LOAD zephyr/subsys/bluetooth/host/libsubsys__bluetooth__host.a
LOAD zephyr/drivers/adc/libdrivers__adc.a
LOAD zephyr/drivers/clock_control/libdrivers__clock_control.a
LOAD zephyr/drivers/console/libdrivers__console.a
LOAD zephyr/drivers/entropy/libdrivers__entropy.a
LOAD zephyr/drivers/gpio/libdrivers__gpio.a
LOAD zephyr/drivers/pinctrl/libdrivers__pinctrl.a
LOAD zephyr/drivers/serial/libdrivers__serial.a
LOAD zephyr/drivers/timer/libdrivers__timer.a
LOAD modules/nrf/lib/multithreading_lock/lib..__nrf__lib__multithreading_lock.a
LOAD modules/nrf/subsys/bluetooth/controller/lib..__nrf__subsys__bluetooth__controller.a
LOAD modules/nrf/subsys/mpsl/init/lib..__nrf__subsys__mpsl__init.a
LOAD modules/nrf/subsys/mpsl/fem/lib..__nrf__subsys__mpsl__fem.a
LOAD modules/nrf/subsys/mpsl/hwres/lib..__nrf__subsys__mpsl__hwres.a
LOAD modules/nrf/drivers/mpsl/clock_control/lib..__nrf__drivers__mpsl__clock_control.a
LOAD modules/hal_nordic/modules/hal_nordic/nrfx/libmodules__hal_nordic__nrfx.a
LOAD zephyr/kernel/libkernel.a
LOAD zephyr/arch/common/libisr_tables.a
LOAD C:/ncs/v3.2.1/nrfxlib/softdevice_controller/lib/nrf52/soft-float/libsoftdevice_controller_peripheral.a
LOAD C:/ncs/v3.2.1/nrfxlib/mpsl/fem/common/lib/nrf52/soft-float/libmpsl_fem_common.a
LOAD C:/ncs/v3.2.1/nrfxlib/mpsl/fem/nrf21540_gpio/lib/nrf52/soft-float/libmpsl_fem_nrf21540_gpio.a
LOAD C:/ncs/v3.2.1/nrfxlib/mpsl/fem/nrf21540_gpio_spi/lib/nrf52/soft-float/libmpsl_fem_nrf21540_gpio_spi.a
LOAD C:/ncs/v3.2.1/nrfxlib/mpsl/fem/nrf2220/lib/nrf52/soft-float/libmpsl_fem_nrf2220.a
LOAD C:/ncs/v3.2.1/nrfxlib/mpsl/fem/nrf2240/lib/nrf52/soft-float/libmpsl_fem_nrf2240.a
LOAD C:/ncs/v3.2.1/nrfxlib/mpsl/fem/nrf22xx/lib/nrf52/soft-float/libmpsl_fem_nrf22xx.a
LOAD C:/ncs/v3.2.1/nrfxlib/mpsl/fem/simple_gpio/lib/nrf52/soft-float/libmpsl_fem_simple_gpio.a
LOAD C:/ncs/v3.2.1/nrfxlib/mpsl/lib/nrf52/soft-float/libmpsl.a
LOAD c:\ncs\toolchains\66cdf9b75e\opt\zephyr-sdk\arm-zephyr-eabi\bin\../lib/gcc/../../picolibc/arm-zephyr-eabi/lib/thumb/v7e-m/nofp\libc.a
LOAD c:/ncs/toolchains/66cdf9b75e/opt/zephyr-sdk/arm-zephyr-eabi/bin/../lib/gcc/arm-zephyr-eabi/12.2.0/thumb/v7e-m/nofp\libgcc.a
                0x0000000000000020                _region_min_align = 0x20

.rel.plt        0x0000000000000000        0x0
 *(SORT_BY_ALIGNMENT(.rel.plt))
                [!provide]                        PROVIDE (__rel_iplt_start = .)
 *(SORT_BY_ALIGNMENT(.rel.iplt))
 .rel.iplt      0x0000000000000000        0x0 zephyr/CMakeFiles/zephyr_final.dir/isr_tables.c.obj
                [!provide]                        PROVIDE (__rel_iplt_end = .)

.rela.plt       0x0000000000000000        0x0
 *(SORT_BY_ALIGNMENT(.rela.plt))
                [!provide]                        PROVIDE (__rela_iplt_start = .)
 *(SORT_BY_ALIGNMENT(.rela.iplt))
                [!provide]                        PROVIDE (__rela_iplt_end = .)

.rel.dyn
 *(SORT_BY_ALIGNMENT(.rel.*))

.rela.dyn
 *(SORT_BY_ALIGNMENT(.rela.*))

/DISCARD/
 *(SORT_BY_ALIGNMENT(.plt))

/DISCARD/
 *(SORT_BY_ALIGNMENT(.iplt))
                0x0000000000000000                __rom_region_start = 0x0

rom_start       0x0000000000000000       0xdc
                0x0000000000000000                __rom_start_address = .
 FILL mask 0x00
                0x0000000000000000                . = (. + (0x0 - (. - __rom_start_address)))
                0x0000000000000000                . = ALIGN (0x4)
                0x0000000000000000                . = ALIGN (0x80)
                0x0000000000000000                . = ALIGN (0x100)
                0x0000000000000000                _vector_start = .
 *(SORT_BY_ALIGNMENT(.exc_vector_table))
 *(SORT_BY_ALIGNMENT(.exc_vector_table.*))
 .exc_vector_table._vector_table_section
                0x0000000000000000       0x40 zephyr/arch/arch/arm/core/cortex_m/libarch__arm__core__cortex_m.a(vector_table.S.obj)
                0x0000000000000000                _vector_table
 *(SORT_BY_ALIGNMENT(.vectors))
                0x00000000000000dc                _vector_end = .
                0x0000000000000040                . = ALIGN (0x4)
 *(SORT_BY_ALIGNMENT(.gnu.linkonce.irq_vector_table*))
 .gnu.linkonce.irq_vector_table
                0x0000000000000040       0x9c zephyr/CMakeFiles/zephyr_final.dir/isr_tables.c.obj
                0x0000000000000040                _irq_vector_table
                0x00000000000000dc                _vector_end = .

text            0x00000000000000dc    0x19ae0
                0x00000000000000dc                __text_region_start = .
 *(SORT_BY_ALIGNMENT(.text))
 .text          0x00000000000000dc       0x24 C:/ncs/v3.2.1/nrfxlib/softdevice_controller/lib/nrf52/soft-float/libsoftdevice_controller_peripheral.a(libsoftdevice_controller_s112_debug_soft__obfuscated.elf)
 .text          0x0000000000000100       0x24 C:/ncs/v3.2.1/nrfxlib/softdevice_controller/lib/nrf52/soft-float/libsoftdevice_controller_peripheral.a(libsoftdevice_controller_s112_debug_soft__obfuscated.elf)
 .text          0x0000000000000124       0xbc C:/ncs/v3.2.1/nrfxlib/softdevice_controller/lib/nrf52/soft-float/libsoftdevice_controller_peripheral.a(libsoftdevice_controller_s112_debug_soft__obfuscated.elf)
 .text          0x00000000000001e0       0x78 C:/ncs/v3.2.1/nrfxlib/softdevice_controller/lib/nrf52/soft-float/libsoftdevice_controller_peripheral.a(libsoftdevice_controller_s112_debug_soft__obfuscated.elf)
                0x00000000000001e0                sym_476LRB5XNUARAHCHHC7ZAIGPFC5VZ4W2N4467LI
 .text          0x0000000000000258       0x30 C:/ncs/v3.2.1/nrfxlib/softdevice_controller/lib/nrf52/soft-float/libsoftdevice_controller_peripheral.a(libsoftdevice_controller_s112_debug_soft__obfuscated.elf)
 .text          0x0000000000000288       0x68 C:/ncs/v3.2.1/nrfxlib/softdevice_controller/lib/nrf52/soft-float/libsoftdevice_controller_peripheral.a(libsoftdevice_controller_s112_debug_soft__obfuscated.elf)
                0x0000000000000288                sdc_init
 .text          0x00000000000002f0       0x9c C:/ncs/v3.2.1/nrfxlib/softdevice_controller/lib/nrf52/soft-float/libsoftdevice_controller_peripheral.a(libsoftdevice_controller_s112_debug_soft__obfuscated.elf)
                0x00000000000002f0                sdc_cfg_set
 .text          0x000000000000038c       0x5c C:/ncs/v3.2.1/nrfxlib/softdevice_controller/lib/nrf52/soft-float/libsoftdevice_controller_peripheral.a(libsoftdevice_controller_s112_debug_soft__obfuscated.elf)
                0x000000000000038c                sdc_enable
 .text          0x00000000000003e8       0x20 C:/ncs/v3.2.1/nrfxlib/softdevice_controller/lib/nrf52/soft-float/libsoftdevice_controller_peripheral.a(libsoftdevice_controller_s112_debug_soft__obfuscated.elf)
                0x00000000000003e8                sdc_disable
 .text          0x0000000000000408       0x24 C:/ncs/v3.2.1/nrfxlib/softdevice_controller/lib/nrf52/soft-float/libsoftdevice_controller_peripheral.a(libsoftdevice_controller_s112_debug_soft__obfuscated.elf)
                0x0000000000000408                sdc_build_revision_get
 .text          0x000000000000042c       0x18 C:/ncs/v3.2.1/nrfxlib/softdevice_controller/lib/nrf52/soft-float/libsoftdevice_controller_peripheral.a(libsoftdevice_controller_s112_debug_soft__obfuscated.elf)
                0x000000000000042c                sdc_support_adv
 .text          0x0000000000000444       0x18 C:/ncs/v3.2.1/nrfxlib/softdevice_controller/lib/nrf52/soft-float/libsoftdevice_controller_peripheral.a(libsoftdevice_controller_s112_debug_soft__obfuscated.elf)
                0x0000000000000444                sdc_support_peripheral
 .text          0x000000000000045c       0x10 C:/ncs/v3.2.1/nrfxlib/softdevice_controller/lib/nrf52/soft-float/libsoftdevice_controller_peripheral.a(libsoftdevice_controller_s112_debug_soft__obfuscated.elf)
                0x000000000000045c                sdc_rand_source_register
 .text          0x000000000000046c        0xc C:/ncs/v3.2.1/nrfxlib/softdevice_controller/lib/nrf52/soft-float/libsoftdevice_controller_peripheral.a(libsoftdevice_controller_s112_debug_soft__obfuscated.elf)
                0x000000000000046c                sym_CVMXQJYKHZVHIOMGOYEICPLVAIQNUBL6USVNZSA
 .text          0x0000000000000478       0x10 C:/ncs/v3.2.1/nrfxlib/softdevice_controller/lib/nrf52/soft-float/libsoftdevice_controller_peripheral.a(libsoftdevice_controller_s112_debug_soft__obfuscated.elf)
                0x0000000000000478                sym_EZ7BAEZZMYJFIJAONX254JF3WPGEXUT4NMP2WJQ
 .text          0x0000000000000488       0xa4 C:/ncs/v3.2.1/nrfxlib/softdevice_controller/lib/nrf52/soft-float/libsoftdevice_controller_peripheral.a(libsoftdevice_controller_s112_debug_soft__obfuscated.elf)
                0x0000000000000488                sym_MS2INTHZLDZMKZ5TZUDLWHPLKH3FLVZPA26JG6A
 .text          0x000000000000052c       0x28 C:/ncs/v3.2.1/nrfxlib/softdevice_controller/lib/nrf52/soft-float/libsoftdevice_controller_peripheral.a(libsoftdevice_controller_s112_debug_soft__obfuscated.elf)
                0x000000000000052c                sym_TG7NSIC2UKHCUBZWZ4K4EMD5QRI2QVSKVKV6CFQ
 .text          0x0000000000000554       0x3c C:/ncs/v3.2.1/nrfxlib/softdevice_controller/lib/nrf52/soft-float/libsoftdevice_controller_peripheral.a(libsoftdevice_controller_s112_debug_soft__obfuscated.elf)
                0x0000000000000554                sym_Z7NJGBYWCKFTEHRYWAIDKWPEUN45273QSWUA5CY
 .text          0x0000000000000590       0x24 C:/ncs/v3.2.1/nrfxlib/softdevice_controller/lib/nrf52/soft-float/libsoftdevice_controller_peripheral.a(libsoftdevice_controller_s112_debug_soft__obfuscated.elf)
                0x0000000000000590                sym_TU2SMBIUC7JL6C3K2XB6727DQLBLV5LEGIMZAFQ
 .text          0x00000000000005b4       0x10 C:/ncs/v3.2.1/nrfxlib/softdevice_controller/lib/nrf52/soft-float/libsoftdevice_controller_peripheral.a(libsoftdevice_controller_s112_debug_soft__obfuscated.elf)
                0x00000000000005b4                sym_CIVMWIRGIOQ374UFFPIFNN4ZGKYK2FRKTT6YRYA
 .text          0x00000000000005c4       0x10 C:/ncs/v3.2.1/nrfxlib/softdevice_controller/lib/nrf52/soft-float/libsoftdevice_controller_peripheral.a(libsoftdevice_controller_s112_debug_soft__obfuscated.elf)
                0x00000000000005c4                sym_PPT6FEOF2T6DRALMCRRTUI7CHLEPBAN25HYV3KQ
 .text          0x00000000000005d4       0x28 C:/ncs/v3.2.1/nrfxlib/softdevice_controller/lib/nrf52/soft-float/libsoftdevice_controller_peripheral.a(libsoftdevice_controller_s112_debug_soft__obfuscated.elf)
                0x00000000000005d4                sym_CEENVC5DZRUT7MGF5LABXKT4NV7YUL5F6EX6TEQ
 .text          0x00000000000005fc        0xc C:/ncs/v3.2.1/nrfxlib/softdevice_controller/lib/nrf52/soft-float/libsoftdevice_controller_peripheral.a(libsoftdevice_controller_s112_debug_soft__obfuscated.elf)
                0x00000000000005fc                sym_G3KVRHCJDVHL7HV53526V3YI3DTK2IW2CADUWZQ
 .text          0x0000000000000608       0x1c C:/ncs/v3.2.1/nrfxlib/softdevice_controller/lib/nrf52/soft-float/libsoftdevice_controller_peripheral.a(libsoftdevice_controller_s112_debug_soft__obfuscated.elf)
                0x0000000000000608                sdc_hci_cmd_cb_reset
 .text          0x0000000000000624       0x48 C:/ncs/v3.2.1/nrfxlib/softdevice_controller/lib/nrf52/soft-float/libsoftdevice_controller_peripheral.a(libsoftdevice_controller_s112_debug_soft__obfuscated.elf)
 .text          0x000000000000066c       0x40 C:/ncs/v3.2.1/nrfxlib/softdevice_controller/lib/nrf52/soft-float/libsoftdevice_controller_peripheral.a(libsoftdevice_controller_s112_debug_soft__obfuscated.elf)
                0x000000000000066c                sym_T2KVJXUKBW7E6DZMIXB2ENUQYG6P2TBYLXO3PAY
 .text          0x00000000000006ac       0x4c C:/ncs/v3.2.1/nrfxlib/softdevice_controller/lib/nrf52/soft-float/libsoftdevice_controller_peripheral.a(libsoftdevice_controller_s112_debug_soft__obfuscated.elf)
 .text          0x00000000000006f8       0x10 C:/ncs/v3.2.1/nrfxlib/softdevice_controller/lib/nrf52/soft-float/libsoftdevice_controller_peripheral.a(libsoftdevice_controller_s112_debug_soft__obfuscated.elf)
                0x00000000000006f8                sym_QFMUQVSA2RVLCOVZ24CAF3TBH45MAZ6DL5HLWKY
 .text          0x0000000000000708      0x16c C:/ncs/v3.2.1/nrfxlib/softdevice_controller/lib/nrf52/soft-float/libsoftdevice_controller_peripheral.a(libsoftdevice_controller_s112_debug_soft__obfuscated.elf)
                0x0000000000000708                sym_EQ53CEL7EDVHMFMHMFPRRQU46C5YKKFEBAACFOA
 .text          0x0000000000000874       0x70 C:/ncs/v3.2.1/nrfxlib/softdevice_controller/lib/nrf52/soft-float/libsoftdevice_controller_peripheral.a(libsoftdevice_controller_s112_debug_soft__obfuscated.elf)
                0x0000000000000874                sym_DMJHGENWVWA7ILXIIOOHU6SYMMXUDCUFUUBACLQ
 .text          0x00000000000008e4       0x78 C:/ncs/v3.2.1/nrfxlib/softdevice_controller/lib/nrf52/soft-float/libsoftdevice_controller_peripheral.a(libsoftdevice_controller_s112_debug_soft__obfuscated.elf)
                0x00000000000008e4                sym_7JFC7IFAJQVPYCQHAIUKZ626ISM3VUWBEEXY7WI
 .text          0x000000000000095c       0x2c C:/ncs/v3.2.1/nrfxlib/softdevice_controller/lib/nrf52/soft-float/libsoftdevice_controller_peripheral.a(libsoftdevice_controller_s112_debug_soft__obfuscated.elf)
                0x000000000000095c                sym_5X75WALYYBUWN4XT5LYOZBIGSZHVNFKF5J4CSQI
 .text          0x0000000000000988       0x48 C:/ncs/v3.2.1/nrfxlib/softdevice_controller/lib/nrf52/soft-float/libsoftdevice_controller_peripheral.a(libsoftdevice_controller_s112_debug_soft__obfuscated.elf)
                0x0000000000000988                sym_4AWF7EXI3MMHUULTY73E756U3IY5DEXOZ265MZY
 .text          0x00000000000009d0       0x40 C:/ncs/v3.2.1/nrfxlib/softdevice_controller/lib/nrf52/soft-float/libsoftdevice_controller_peripheral.a(libsoftdevice_controller_s112_debug_soft__obfuscated.elf)
                0x00000000000009d0                sym_6I4XEOIW7LI2E3Z53L54ZHQQHYICXR4H4JQWXLA
 .text          0x0000000000000a10       0x30 C:/ncs/v3.2.1/nrfxlib/softdevice_controller/lib/nrf52/soft-float/libsoftdevice_controller_peripheral.a(libsoftdevice_controller_s112_debug_soft__obfuscated.elf)
                0x0000000000000a10                sym_6DYG6C6ROXZA67GZINNB2XIQHL3KE2RCKK4QFXA
 .text          0x0000000000000a40       0x7c C:/ncs/v3.2.1/nrfxlib/softdevice_controller/lib/nrf52/soft-float/libsoftdevice_controller_peripheral.a(libsoftdevice_controller_s112_debug_soft__obfuscated.elf)
                0x0000000000000a40                sym_24NU2MJKHN4R2Z7HXHMPDWTTDYSB32VL6HEQPZA
 .text          0x0000000000000abc       0x28 C:/ncs/v3.2.1/nrfxlib/softdevice_controller/lib/nrf52/soft-float/libsoftdevice_controller_peripheral.a(libsoftdevice_controller_s112_debug_soft__obfuscated.elf)
                0x0000000000000abc                sym_3QFBRH4ZSIA64QP2I3K547Y5WIALGQTCBP5Y5SQ
 .text          0x0000000000000ae4       0x10 C:/ncs/v3.2.1/nrfxlib/softdevice_controller/lib/nrf52/soft-float/libsoftdevice_controller_peripheral.a(libsoftdevice_controller_s112_debug_soft__obfuscated.elf)
                0x0000000000000ae4                sym_NOQRMQ5IH6SQFJEPI5A3UBMITO54HG4WO4DTTXA
 .text          0x0000000000000af4       0x80 C:/ncs/v3.2.1/nrfxlib/softdevice_controller/lib/nrf52/soft-float/libsoftdevice_controller_peripheral.a(libsoftdevice_controller_s112_debug_soft__obfuscated.elf)
                0x0000000000000af4                sym_YL4RMM7WH2QQSRTLJX7L5Q2F5KYIEZ5IWMCN3UQ
 .text          0x0000000000000b74       0x5c C:/ncs/v3.2.1/nrfxlib/softdevice_controller/lib/nrf52/soft-float/libsoftdevice_controller_peripheral.a(libsoftdevice_controller_s112_debug_soft__obfuscated.elf)
                0x0000000000000b74                sym_47U6MZ7GC5PU2CVEGYFSZO6JE3OMJD4DVLRAUZQ
 .text          0x0000000000000bd0       0xd0 C:/ncs/v3.2.1/nrfxlib/softdevice_controller/lib/nrf52/soft-float/libsoftdevice_controller_peripheral.a(libsoftdevice_controller_s112_debug_soft__obfuscated.elf)
                0x0000000000000bd0                sym_YBUOIVJGKD57C5J4XCQFOKF4I5XT74ICLDOCNXA
 .text          0x0000000000000ca0       0x5c C:/ncs/v3.2.1/nrfxlib/softdevice_controller/lib/nrf52/soft-float/libsoftdevice_controller_peripheral.a(libsoftdevice_controller_s112_debug_soft__obfuscated.elf)
                0x0000000000000ca0                sym_E5WZNPP2DINHF6K4PHXLYLX5AXTYBQYGQESRSGQ
 .text          0x0000000000000cfc       0x20 C:/ncs/v3.2.1/nrfxlib/softdevice_controller/lib/nrf52/soft-float/libsoftdevice_controller_peripheral.a(libsoftdevice_controller_s112_debug_soft__obfuscated.elf)
 .text          0x0000000000000d1c       0x10 C:/ncs/v3.2.1/nrfxlib/softdevice_controller/lib/nrf52/soft-float/libsoftdevice_controller_peripheral.a(libsoftdevice_controller_s112_debug_soft__obfuscated.elf)
 .text          0x0000000000000d2c        0xc C:/ncs/v3.2.1/nrfxlib/softdevice_controller/lib/nrf52/soft-float/libsoftdevice_controller_peripheral.a(libsoftdevice_controller_s112_debug_soft__obfuscated.elf)
 .text          0x0000000000000d38       0x64 C:/ncs/v3.2.1/nrfxlib/softdevice_controller/lib/nrf52/soft-float/libsoftdevice_controller_peripheral.a(libsoftdevice_controller_s112_debug_soft__obfuscated.elf)
 .text          0x0000000000000d9c       0x14 C:/ncs/v3.2.1/nrfxlib/softdevice_controller/lib/nrf52/soft-float/libsoftdevice_controller_peripheral.a(libsoftdevice_controller_s112_debug_soft__obfuscated.elf)
 .text          0x0000000000000db0       0x80 C:/ncs/v3.2.1/nrfxlib/softdevice_controller/lib/nrf52/soft-float/libsoftdevice_controller_peripheral.a(libsoftdevice_controller_s112_debug_soft__obfuscated.elf)
 .text          0x0000000000000e30       0x2c C:/ncs/v3.2.1/nrfxlib/softdevice_controller/lib/nrf52/soft-float/libsoftdevice_controller_peripheral.a(libsoftdevice_controller_s112_debug_soft__obfuscated.elf)
 .text          0x0000000000000e5c       0x34 C:/ncs/v3.2.1/nrfxlib/softdevice_controller/lib/nrf52/soft-float/libsoftdevice_controller_peripheral.a(libsoftdevice_controller_s112_debug_soft__obfuscated.elf)
 .text          0x0000000000000e90      0x130 C:/ncs/v3.2.1/nrfxlib/softdevice_controller/lib/nrf52/soft-float/libsoftdevice_controller_peripheral.a(libsoftdevice_controller_s112_debug_soft__obfuscated.elf)
 .text          0x0000000000000fc0       0x2c C:/ncs/v3.2.1/nrfxlib/softdevice_controller/lib/nrf52/soft-float/libsoftdevice_controller_peripheral.a(libsoftdevice_controller_s112_debug_soft__obfuscated.elf)
 .text          0x0000000000000fec       0x20 C:/ncs/v3.2.1/nrfxlib/softdevice_controller/lib/nrf52/soft-float/libsoftdevice_controller_peripheral.a(libsoftdevice_controller_s112_debug_soft__obfuscated.elf)
                0x0000000000000fec                sym_DOZBRJLK4YK3UIAPC27JGEBDCH5Y2BCX3XMRURY
 .text          0x000000000000100c       0x38 C:/ncs/v3.2.1/nrfxlib/softdevice_controller/lib/nrf52/soft-float/libsoftdevice_controller_peripheral.a(libsoftdevice_controller_s112_debug_soft__obfuscated.elf)
                0x000000000000100c                sym_7TCX7VR3LQDB2G4LYUM4YUKX3ZVIO33J3JZVMKY
 .text          0x0000000000001044       0x10 C:/ncs/v3.2.1/nrfxlib/softdevice_controller/lib/nrf52/soft-float/libsoftdevice_controller_peripheral.a(libsoftdevice_controller_s112_debug_soft__obfuscated.elf)
                0x0000000000001044                sym_DDEKRCVCBAV6DMR2JGOTTXJPMB6OW3IK3MJRV2Q
 .text          0x0000000000001054      0x1f8 C:/ncs/v3.2.1/nrfxlib/softdevice_controller/lib/nrf52/soft-float/libsoftdevice_controller_peripheral.a(libsoftdevice_controller_s112_debug_soft__obfuscated.elf)
                0x0000000000001054                sym_EXF7QYQZRNDSXD5BXX5JHASOOMIXFF6ILEF5NVA
 .text          0x000000000000124c       0x38 C:/ncs/v3.2.1/nrfxlib/softdevice_controller/lib/nrf52/soft-float/libsoftdevice_controller_peripheral.a(libsoftdevice_controller_s112_debug_soft__obfuscated.elf)
                0x000000000000124c                sym_6BTYZXVNYPYTH2WUVFE5C5JVTZHQJAJ5IGD6OCA
 .text          0x0000000000001284        0xc C:/ncs/v3.2.1/nrfxlib/softdevice_controller/lib/nrf52/soft-float/libsoftdevice_controller_peripheral.a(libsoftdevice_controller_s112_debug_soft__obfuscated.elf)
                0x0000000000001284                sym_UAPFH34IEHUX3FGU7LNPEIJNCLAPRJP46TMN4NY
 .text          0x0000000000001290        0xc C:/ncs/v3.2.1/nrfxlib/softdevice_controller/lib/nrf52/soft-float/libsoftdevice_controller_peripheral.a(libsoftdevice_controller_s112_debug_soft__obfuscated.elf)
                0x0000000000001290                sym_R2K72KVDRFDRB7INCDL2G5SJCI6KNYCIUBETXWY
 .text          0x000000000000129c       0x10 C:/ncs/v3.2.1/nrfxlib/softdevice_controller/lib/nrf52/soft-float/libsoftdevice_controller_peripheral.a(libsoftdevice_controller_s112_debug_soft__obfuscated.elf)
                0x000000000000129c                sym_HMWMSCLS2E7KO3CEVZ6FUZGM6YUJ4GDX4JETJTI
 .text          0x00000000000012ac        0xc C:/ncs/v3.2.1/nrfxlib/softdevice_controller/lib/nrf52/soft-float/libsoftdevice_controller_peripheral.a(libsoftdevice_controller_s112_debug_soft__obfuscated.elf)
                0x00000000000012ac                sym_57CDLB7NR4I66F4XUEVXWWEJBBBXGSJ37LGPUXA
 .text          0x00000000000012b8       0xd0 C:/ncs/v3.2.1/nrfxlib/softdevice_controller/lib/nrf52/soft-float/libsoftdevice_controller_peripheral.a(libsoftdevice_controller_s112_debug_soft__obfuscated.elf)
                0x00000000000012b8                sym_C4ZAWP4QAOEKUKS7VCLA6E4RPDOWCDVMBYVKPFI
 .text          0x0000000000001388      0x4c0 C:/ncs/v3.2.1/nrfxlib/softdevice_controller/lib/nrf52/soft-float/libsoftdevice_controller_peripheral.a(libsoftdevice_controller_s112_debug_soft__obfuscated.elf)
 .text          0x0000000000001848       0x10 C:/ncs/v3.2.1/nrfxlib/softdevice_controller/lib/nrf52/soft-float/libsoftdevice_controller_peripheral.a(libsoftdevice_controller_s112_debug_soft__obfuscated.elf)
 .text          0x0000000000001858       0x60 C:/ncs/v3.2.1/nrfxlib/softdevice_controller/lib/nrf52/soft-float/libsoftdevice_controller_peripheral.a(libsoftdevice_controller_s112_debug_soft__obfuscated.elf)
                0x0000000000001858                sym_HRCF6LWSDWPWEZA7S5YQFCNRDXXCJA6WGOZECRY
 .text          0x00000000000018b8       0x34 C:/ncs/v3.2.1/nrfxlib/softdevice_controller/lib/nrf52/soft-float/libsoftdevice_controller_peripheral.a(libsoftdevice_controller_s112_debug_soft__obfuscated.elf)
                0x00000000000018b8                sym_APXCWAGUBVOVC7H47YUQ2L4IAV2DPJETCDCHIVA
 .text          0x00000000000018ec       0x50 C:/ncs/v3.2.1/nrfxlib/softdevice_controller/lib/nrf52/soft-float/libsoftdevice_controller_peripheral.a(libsoftdevice_controller_s112_debug_soft__obfuscated.elf)
                0x00000000000018ec                sym_RGKYP5TXYS27EGT6ZHZS5EDDAZK5QGTWLBOBJEA
 .text          0x000000000000193c       0x18 C:/ncs/v3.2.1/nrfxlib/softdevice_controller/lib/nrf52/soft-float/libsoftdevice_controller_peripheral.a(libsoftdevice_controller_s112_debug_soft__obfuscated.elf)
                0x000000000000193c                sym_5EMU3BEOS6JCQEXTZ5M5LP72YGJNCV3W3R43AOI
 .text          0x0000000000001954       0xa4 C:/ncs/v3.2.1/nrfxlib/softdevice_controller/lib/nrf52/soft-float/libsoftdevice_controller_peripheral.a(libsoftdevice_controller_s112_debug_soft__obfuscated.elf)
                0x0000000000001954                sym_DVO2EX3JGPIV6FVT5SJBVRKA5UGS2QSHNQOVQ2A
 .text          0x00000000000019f8       0xf4 C:/ncs/v3.2.1/nrfxlib/softdevice_controller/lib/nrf52/soft-float/libsoftdevice_controller_peripheral.a(libsoftdevice_controller_s112_debug_soft__obfuscated.elf)
 .text          0x0000000000001aec       0x10 C:/ncs/v3.2.1/nrfxlib/softdevice_controller/lib/nrf52/soft-float/libsoftdevice_controller_peripheral.a(libsoftdevice_controller_s112_debug_soft__obfuscated.elf)
                0x0000000000001aec                sym_SSNN3MTUXNVNVYWB6YYQMQJOWLGAQA5BDAJEXLI
 .text          0x0000000000001afc       0x14 C:/ncs/v3.2.1/nrfxlib/softdevice_controller/lib/nrf52/soft-float/libsoftdevice_controller_peripheral.a(libsoftdevice_controller_s112_debug_soft__obfuscated.elf)
                0x0000000000001afc                sym_Y5RIWFUVP4FHJFYC7FBZKM2MV7INK43TLWQ5URA
 .text          0x0000000000001b10       0x64 C:/ncs/v3.2.1/nrfxlib/softdevice_controller/lib/nrf52/soft-float/libsoftdevice_controller_peripheral.a(libsoftdevice_controller_s112_debug_soft__obfuscated.elf)
                0x0000000000001b10                sym_CY3FVUNSUUR4I46K644NW3FXSFSLG3ETQWBRBHQ
 .text          0x0000000000001b74       0x58 C:/ncs/v3.2.1/nrfxlib/softdevice_controller/lib/nrf52/soft-float/libsoftdevice_controller_peripheral.a(libsoftdevice_controller_s112_debug_soft__obfuscated.elf)
                0x0000000000001b74                sym_4POEZKL66A5T3356722OWKNB5CNFKPMV6JI3HEA
 .text          0x0000000000001bcc       0x68 C:/ncs/v3.2.1/nrfxlib/softdevice_controller/lib/nrf52/soft-float/libsoftdevice_controller_peripheral.a(libsoftdevice_controller_s112_debug_soft__obfuscated.elf)
                0x0000000000001bcc                sym_IP3LLUNJTDBIIPB3UG65MJFJZABGVNT2GN3EQPY
 .text          0x0000000000001c34      0x168 C:/ncs/v3.2.1/nrfxlib/softdevice_controller/lib/nrf52/soft-float/libsoftdevice_controller_peripheral.a(libsoftdevice_controller_s112_debug_soft__obfuscated.elf)
                0x0000000000001c34                sym_A32XXMQ5QRPQRH3R656RZXETZB6Y54SG45FSCYI
 .text          0x0000000000001d9c       0xb4 C:/ncs/v3.2.1/nrfxlib/softdevice_controller/lib/nrf52/soft-float/libsoftdevice_controller_peripheral.a(libsoftdevice_controller_s112_debug_soft__obfuscated.elf)
                0x0000000000001d9c                sym_CC522QK4M5MTSPVPJNGJXKYD5O54FC2LFC3D3QI
 .text          0x0000000000001e50       0x2c C:/ncs/v3.2.1/nrfxlib/softdevice_controller/lib/nrf52/soft-float/libsoftdevice_controller_peripheral.a(libsoftdevice_controller_s112_debug_soft__obfuscated.elf)
                0x0000000000001e50                sym_XQWU4MX22DPQIRRYTXBNWTH2DBYK7MH33FME7FI
 .text          0x0000000000001e7c       0x10 C:/ncs/v3.2.1/nrfxlib/softdevice_controller/lib/nrf52/soft-float/libsoftdevice_controller_peripheral.a(libsoftdevice_controller_s112_debug_soft__obfuscated.elf)
                0x0000000000001e7c                sym_DVVOECRRYK6EAGDREB2UKKQZT5MAOOUK66XNPTA
 .text          0x0000000000001e8c       0x18 C:/ncs/v3.2.1/nrfxlib/softdevice_controller/lib/nrf52/soft-float/libsoftdevice_controller_peripheral.a(libsoftdevice_controller_s112_debug_soft__obfuscated.elf)
                0x0000000000001e8c                sym_CTIZP4PFSP4VPO64SY4WNQXXAO6AQ4FBRX2MZ2Y
 .text          0x0000000000001ea4       0x18 C:/ncs/v3.2.1/nrfxlib/softdevice_controller/lib/nrf52/soft-float/libsoftdevice_controller_peripheral.a(libsoftdevice_controller_s112_debug_soft__obfuscated.elf)
 .text          0x0000000000001ebc       0x34 C:/ncs/v3.2.1/nrfxlib/softdevice_controller/lib/nrf52/soft-float/libsoftdevice_controller_peripheral.a(libsoftdevice_controller_s112_debug_soft__obfuscated.elf)
 .text          0x0000000000001ef0       0x28 C:/ncs/v3.2.1/nrfxlib/softdevice_controller/lib/nrf52/soft-float/libsoftdevice_controller_peripheral.a(libsoftdevice_controller_s112_debug_soft__obfuscated.elf)
                0x0000000000001ef0                sym_EANB2LFFCPDZUHTPF7SNNYVWVGG3AE7JVOONSTY
 .text          0x0000000000001f18       0x38 C:/ncs/v3.2.1/nrfxlib/softdevice_controller/lib/nrf52/soft-float/libsoftdevice_controller_peripheral.a(libsoftdevice_controller_s112_debug_soft__obfuscated.elf)
                0x0000000000001f18                sym_BFBDHRTPYGNRMJSAT7WCAPOXBGIVSWF4E5GFHOA
 .text          0x0000000000001f50        0xc C:/ncs/v3.2.1/nrfxlib/softdevice_controller/lib/nrf52/soft-float/libsoftdevice_controller_peripheral.a(libsoftdevice_controller_s112_debug_soft__obfuscated.elf)
                0x0000000000001f50                sym_PRWTRTI5GPQHIT26MFBSSOCWTUYYRLQLJWD2ZOI
 .text          0x0000000000001f5c       0x24 C:/ncs/v3.2.1/nrfxlib/softdevice_controller/lib/nrf52/soft-float/libsoftdevice_controller_peripheral.a(libsoftdevice_controller_s112_debug_soft__obfuscated.elf)
                0x0000000000001f5c                sym_G4TIIR7KO3GHFF45HCHTIL3RIPRK2LVDQADUYJQ
 .text          0x0000000000001f80        0xc C:/ncs/v3.2.1/nrfxlib/softdevice_controller/lib/nrf52/soft-float/libsoftdevice_controller_peripheral.a(libsoftdevice_controller_s112_debug_soft__obfuscated.elf)
                0x0000000000001f80                sym_HG37ZAHWDO2P65KBJXRLV5PVSG5TCUWPMKZOZLQ
 .text          0x0000000000001f8c       0x24 C:/ncs/v3.2.1/nrfxlib/softdevice_controller/lib/nrf52/soft-float/libsoftdevice_controller_peripheral.a(libsoftdevice_controller_s112_debug_soft__obfuscated.elf)
                0x0000000000001f8c                sym_4W26TPGCKOCVVRKXQDBKGXGC2Y5LMZXNKS2QITA
 .text          0x0000000000001fb0       0x18 C:/ncs/v3.2.1/nrfxlib/softdevice_controller/lib/nrf52/soft-float/libsoftdevice_controller_peripheral.a(libsoftdevice_controller_s112_debug_soft__obfuscated.elf)
                0x0000000000001fb0                sym_N6TOG3AODPPFNS6LXFKKIADNGIMUMBS5BXPEFOY
 .text          0x0000000000001fc8        0xc C:/ncs/v3.2.1/nrfxlib/softdevice_controller/lib/nrf52/soft-float/libsoftdevice_controller_peripheral.a(libsoftdevice_controller_s112_debug_soft__obfuscated.elf)
                0x0000000000001fc8                sym_BWOH6AZ6T4WLRA7IVWYARAF5KSHS6SUPQAKZW4A
 .text          0x0000000000001fd4       0x14 C:/ncs/v3.2.1/nrfxlib/softdevice_controller/lib/nrf52/soft-float/libsoftdevice_controller_peripheral.a(libsoftdevice_controller_s112_debug_soft__obfuscated.elf)
                0x0000000000001fd4                sym_HA7EOSELAQYVMG5UXMJGQLLFEIRQPB7MNOSYOXQ
 .text          0x0000000000001fe8       0x30 C:/ncs/v3.2.1/nrfxlib/softdevice_controller/lib/nrf52/soft-float/libsoftdevice_controller_peripheral.a(libsoftdevice_controller_s112_debug_soft__obfuscated.elf)
                0x0000000000001fe8                sym_MJMICEV3AHUJUDNI6JLXYNXCJNL4PTPUQLXISYA
 .text          0x0000000000002018       0x50 C:/ncs/v3.2.1/nrfxlib/softdevice_controller/lib/nrf52/soft-float/libsoftdevice_controller_peripheral.a(libsoftdevice_controller_s112_debug_soft__obfuscated.elf)
                0x0000000000002018                sym_GECJUMXC7GX4QNB2JHCJHLFH72UPMJZW6VAQVRA
 .text          0x0000000000002068       0x28 C:/ncs/v3.2.1/nrfxlib/softdevice_controller/lib/nrf52/soft-float/libsoftdevice_controller_peripheral.a(libsoftdevice_controller_s112_debug_soft__obfuscated.elf)
                0x0000000000002068                sym_BOFYMMO2XEUTXLE26SHEVVPNVILC4XKISLRYGBI
 .text          0x0000000000002090      0x1a4 C:/ncs/v3.2.1/nrfxlib/softdevice_controller/lib/nrf52/soft-float/libsoftdevice_controller_peripheral.a(libsoftdevice_controller_s112_debug_soft__obfuscated.elf)
                0x0000000000002090                sym_5AGU3LRCMVBHIA54A3ONXYPBDIAMDNM2I6LE6DA
 .text          0x0000000000002234       0x18 C:/ncs/v3.2.1/nrfxlib/softdevice_controller/lib/nrf52/soft-float/libsoftdevice_controller_peripheral.a(libsoftdevice_controller_s112_debug_soft__obfuscated.elf)
                0x0000000000002234                sym_MJCF2WRL4I323V23HKVENOJWV5IXH54R5X6LJRY
 .text          0x000000000000224c       0x1c C:/ncs/v3.2.1/nrfxlib/softdevice_controller/lib/nrf52/soft-float/libsoftdevice_controller_peripheral.a(libsoftdevice_controller_s112_debug_soft__obfuscated.elf)
                0x000000000000224c                sym_REO6MG4FRJTNQQ56RDJDYGEWFEO5TFVYGRW6OLI
 .text          0x0000000000002268        0xc C:/ncs/v3.2.1/nrfxlib/softdevice_controller/lib/nrf52/soft-float/libsoftdevice_controller_peripheral.a(libsoftdevice_controller_s112_debug_soft__obfuscated.elf)
                0x0000000000002268                sym_NKFCLZ5HTE6KVHDV5DGZ6TJP4KSZI43SYBECPRY
 .text          0x0000000000002274       0x28 C:/ncs/v3.2.1/nrfxlib/softdevice_controller/lib/nrf52/soft-float/libsoftdevice_controller_peripheral.a(libsoftdevice_controller_s112_debug_soft__obfuscated.elf)
                0x0000000000002274                sym_65LA7GM3MU7DDFQKTB75BYTZMPMROSWKS3VXCNI
 .text          0x000000000000229c       0x20 C:/ncs/v3.2.1/nrfxlib/softdevice_controller/lib/nrf52/soft-float/libsoftdevice_controller_peripheral.a(libsoftdevice_controller_s112_debug_soft__obfuscated.elf)
                0x000000000000229c                sym_AGWGY6I3YKHHV6TMAWL24HN4IKGOB7PZYXPWBRA
 .text          0x00000000000022bc        0xc C:/ncs/v3.2.1/nrfxlib/softdevice_controller/lib/nrf52/soft-float/libsoftdevice_controller_peripheral.a(libsoftdevice_controller_s112_debug_soft__obfuscated.elf)
                0x00000000000022bc                sym_IXGTNRGKILIZPWG2NJIZ2ALUPW2IM3XFVCGJW2I
 .text          0x00000000000022c8       0x20 C:/ncs/v3.2.1/nrfxlib/softdevice_controller/lib/nrf52/soft-float/libsoftdevice_controller_peripheral.a(libsoftdevice_controller_s112_debug_soft__obfuscated.elf)
                0x00000000000022c8                sym_JHXS4T25BAYOMDDZMWPX3HMPENRV73GSV2RYHAI
 .text          0x00000000000022e8       0x2c C:/ncs/v3.2.1/nrfxlib/softdevice_controller/lib/nrf52/soft-float/libsoftdevice_controller_peripheral.a(libsoftdevice_controller_s112_debug_soft__obfuscated.elf)
                0x00000000000022e8                sym_54CHYGRI3UHSVLN5ZOGJESXNRISJW5CS4IYBN7Y
 .text          0x0000000000002314       0x1c C:/ncs/v3.2.1/nrfxlib/softdevice_controller/lib/nrf52/soft-float/libsoftdevice_controller_peripheral.a(libsoftdevice_controller_s112_debug_soft__obfuscated.elf)
                0x0000000000002314                sym_V7MOOXL5SOLISKFFGWJC7M3XDITU574WBQOXGWY
 .text          0x0000000000002330       0x30 C:/ncs/v3.2.1/nrfxlib/softdevice_controller/lib/nrf52/soft-float/libsoftdevice_controller_peripheral.a(libsoftdevice_controller_s112_debug_soft__obfuscated.elf)
                0x0000000000002330                sym_QKSVBALUN2V4XT4OCC56LE75IAYLDFRRIVLBZ2Q
 .text          0x0000000000002360       0x34 C:/ncs/v3.2.1/nrfxlib/softdevice_controller/lib/nrf52/soft-float/libsoftdevice_controller_peripheral.a(libsoftdevice_controller_s112_debug_soft__obfuscated.elf)
                0x0000000000002360                sym_WCOWXKSKBH7DOKKKINFZAPWXKW4NYAUCJWTUKBI
 .text          0x0000000000002394       0x18 C:/ncs/v3.2.1/nrfxlib/softdevice_controller/lib/nrf52/soft-float/libsoftdevice_controller_peripheral.a(libsoftdevice_controller_s112_debug_soft__obfuscated.elf)
                0x0000000000002394                sym_AO3U45UEGFLUPMT565ZR5UWUQUONF5AKILLCT3A
 .text          0x00000000000023ac       0x44 C:/ncs/v3.2.1/nrfxlib/softdevice_controller/lib/nrf52/soft-float/libsoftdevice_controller_peripheral.a(libsoftdevice_controller_s112_debug_soft__obfuscated.elf)
 .text          0x00000000000023f0       0x2c C:/ncs/v3.2.1/nrfxlib/softdevice_controller/lib/nrf52/soft-float/libsoftdevice_controller_peripheral.a(libsoftdevice_controller_s112_debug_soft__obfuscated.elf)
 .text          0x000000000000241c       0x9c C:/ncs/v3.2.1/nrfxlib/softdevice_controller/lib/nrf52/soft-float/libsoftdevice_controller_peripheral.a(libsoftdevice_controller_s112_debug_soft__obfuscated.elf)
 .text          0x00000000000024b8       0xbc C:/ncs/v3.2.1/nrfxlib/softdevice_controller/lib/nrf52/soft-float/libsoftdevice_controller_peripheral.a(libsoftdevice_controller_s112_debug_soft__obfuscated.elf)
 .text          0x0000000000002574       0x18 C:/ncs/v3.2.1/nrfxlib/softdevice_controller/lib/nrf52/soft-float/libsoftdevice_controller_peripheral.a(libsoftdevice_controller_s112_debug_soft__obfuscated.elf)
                0x0000000000002574                sym_BEUFSWAQKCWS5CDGVZRIC3BRKSTHGOKRJJDB32I
 .text          0x000000000000258c       0x18 C:/ncs/v3.2.1/nrfxlib/softdevice_controller/lib/nrf52/soft-float/libsoftdevice_controller_peripheral.a(libsoftdevice_controller_s112_debug_soft__obfuscated.elf)
                0x000000000000258c                sym_BAUTABQSJLBAZ6GNH7KOF4MJMAA6NF7CDAZNOEQ
 .text          0x00000000000025a4       0x20 C:/ncs/v3.2.1/nrfxlib/softdevice_controller/lib/nrf52/soft-float/libsoftdevice_controller_peripheral.a(libsoftdevice_controller_s112_debug_soft__obfuscated.elf)
                0x00000000000025a4                sym_62DUXM4M5AM4URNPP7IKDX3NCPAODBT4BMADGAY
 .text          0x00000000000025c4        0xc C:/ncs/v3.2.1/nrfxlib/softdevice_controller/lib/nrf52/soft-float/libsoftdevice_controller_peripheral.a(libsoftdevice_controller_s112_debug_soft__obfuscated.elf)
                0x00000000000025c4                sym_RHRHCWPUPZHCOID576WBS7QZ2KAUT2GASS2T3QY
 .text          0x00000000000025d0       0x30 C:/ncs/v3.2.1/nrfxlib/softdevice_controller/lib/nrf52/soft-float/libsoftdevice_controller_peripheral.a(libsoftdevice_controller_s112_debug_soft__obfuscated.elf)
                0x00000000000025d0                sym_YAOI5BW7G2C6EUUY2B4S7A3CWX63A6MP2T3O5KA
 .text          0x0000000000002600       0x24 C:/ncs/v3.2.1/nrfxlib/softdevice_controller/lib/nrf52/soft-float/libsoftdevice_controller_peripheral.a(libsoftdevice_controller_s112_debug_soft__obfuscated.elf)
                0x0000000000002600                sym_2X6ZBBHQKFJV27I6OQZLD4IRAL5JANEGA5N34WA
 .text          0x0000000000002624       0xc8 C:/ncs/v3.2.1/nrfxlib/softdevice_controller/lib/nrf52/soft-float/libsoftdevice_controller_peripheral.a(libsoftdevice_controller_s112_debug_soft__obfuscated.elf)
                0x0000000000002624                sym_ZBPJ22BXDBC3S7A4QI6WOFWFQMYIGT2P4GNU3XA
 .text          0x00000000000026ec       0x24 C:/ncs/v3.2.1/nrfxlib/softdevice_controller/lib/nrf52/soft-float/libsoftdevice_controller_peripheral.a(libsoftdevice_controller_s112_debug_soft__obfuscated.elf)
                0x00000000000026ec                sym_DHR6XELGSD2MHYS7JWGEPSKXD43VLKKJDN33HMA
 .text          0x0000000000002710       0x20 C:/ncs/v3.2.1/nrfxlib/softdevice_controller/lib/nrf52/soft-float/libsoftdevice_controller_peripheral.a(libsoftdevice_controller_s112_debug_soft__obfuscated.elf)
                0x0000000000002710                sym_QEQGMTIGG3AOZQY7JM4T2FY2O3KM2UFUMT6Q7PI
 .text          0x0000000000002730       0x50 C:/ncs/v3.2.1/nrfxlib/softdevice_controller/lib/nrf52/soft-float/libsoftdevice_controller_peripheral.a(libsoftdevice_controller_s112_debug_soft__obfuscated.elf)
 .text          0x0000000000002780       0xcc C:/ncs/v3.2.1/nrfxlib/softdevice_controller/lib/nrf52/soft-float/libsoftdevice_controller_peripheral.a(libsoftdevice_controller_s112_debug_soft__obfuscated.elf)
                0x0000000000002780                sym_4NT3PFFI5Z6RN57T2HW54HJZ23JEQUTUQPJLJGI
 .text          0x000000000000284c       0x14 C:/ncs/v3.2.1/nrfxlib/softdevice_controller/lib/nrf52/soft-float/libsoftdevice_controller_peripheral.a(libsoftdevice_controller_s112_debug_soft__obfuscated.elf)
                0x000000000000284c                sym_AIEQYZJFZQBQ5LEMJNMQV56TMLIGCBAC63QLHGI
 .text          0x0000000000002860       0x1c C:/ncs/v3.2.1/nrfxlib/softdevice_controller/lib/nrf52/soft-float/libsoftdevice_controller_peripheral.a(libsoftdevice_controller_s112_debug_soft__obfuscated.elf)
                0x0000000000002860                sym_X4BJXGE5YMMDVCD7UITV5VC77BPMS3T24YB4VZA
 .text          0x000000000000287c       0x24 C:/ncs/v3.2.1/nrfxlib/softdevice_controller/lib/nrf52/soft-float/libsoftdevice_controller_peripheral.a(libsoftdevice_controller_s112_debug_soft__obfuscated.elf)
                0x000000000000287c                sym_MYZDSWHZMVTUGPWK7CFFVMNCPRPZBKC3UH2GTLQ
 .text          0x00000000000028a0       0x44 C:/ncs/v3.2.1/nrfxlib/softdevice_controller/lib/nrf52/soft-float/libsoftdevice_controller_peripheral.a(libsoftdevice_controller_s112_debug_soft__obfuscated.elf)
                0x00000000000028a0                sym_ZIE6EQ2YDF5ZLLLNRMU6NPOFHB7VMBHYMI4646I
 .text          0x00000000000028e4       0x10 C:/ncs/v3.2.1/nrfxlib/softdevice_controller/lib/nrf52/soft-float/libsoftdevice_controller_peripheral.a(libsoftdevice_controller_s112_debug_soft__obfuscated.elf)
                0x00000000000028e4                sym_JANNQMW3JZGYLNSOPAA2HBYBA6JBSX4W7VBR56Q
 .text          0x00000000000028f4       0x34 C:/ncs/v3.2.1/nrfxlib/softdevice_controller/lib/nrf52/soft-float/libsoftdevice_controller_peripheral.a(libsoftdevice_controller_s112_debug_soft__obfuscated.elf)
                0x00000000000028f4                sym_3S3ZPZTS3JKT3LR3P6QZ3KOW4P72YQZEIQOYGSA
 .text          0x0000000000002928       0x3c C:/ncs/v3.2.1/nrfxlib/softdevice_controller/lib/nrf52/soft-float/libsoftdevice_controller_peripheral.a(libsoftdevice_controller_s112_debug_soft__obfuscated.elf)
                0x0000000000002928                sym_U3LPDM4ZN7F4EBRA6GBYBEUAHXDWZU7U4P3OZRQ
 .text          0x0000000000002964       0x94 C:/ncs/v3.2.1/nrfxlib/softdevice_controller/lib/nrf52/soft-float/libsoftdevice_controller_peripheral.a(libsoftdevice_controller_s112_debug_soft__obfuscated.elf)
 .text          0x00000000000029f8       0x10 C:/ncs/v3.2.1/nrfxlib/softdevice_controller/lib/nrf52/soft-float/libsoftdevice_controller_peripheral.a(libsoftdevice_controller_s112_debug_soft__obfuscated.elf)
                0x00000000000029f8                sym_N2NJCIBZFHVP7II7LSOD6U4WPOYSC3U3IRJ6NLY
 .text          0x0000000000002a08       0x10 C:/ncs/v3.2.1/nrfxlib/softdevice_controller/lib/nrf52/soft-float/libsoftdevice_controller_peripheral.a(libsoftdevice_controller_s112_debug_soft__obfuscated.elf)
 .text          0x0000000000002a18       0xbc C:/ncs/v3.2.1/nrfxlib/softdevice_controller/lib/nrf52/soft-float/libsoftdevice_controller_peripheral.a(libsoftdevice_controller_s112_debug_soft__obfuscated.elf)
 .text          0x0000000000002ad4      0x15c C:/ncs/v3.2.1/nrfxlib/softdevice_controller/lib/nrf52/soft-float/libsoftdevice_controller_peripheral.a(libsoftdevice_controller_s112_debug_soft__obfuscated.elf)
 .text          0x0000000000002c30       0x58 C:/ncs/v3.2.1/nrfxlib/softdevice_controller/lib/nrf52/soft-float/libsoftdevice_controller_peripheral.a(libsoftdevice_controller_s112_debug_soft__obfuscated.elf)
 .text          0x0000000000002c88       0x28 C:/ncs/v3.2.1/nrfxlib/softdevice_controller/lib/nrf52/soft-float/libsoftdevice_controller_peripheral.a(libsoftdevice_controller_s112_debug_soft__obfuscated.elf)
                0x0000000000002c88                sym_VKBDHCW5KWYFAEZJJBKQNHH4JDURIHHEJCK4SOA
 .text          0x0000000000002cb0       0x14 C:/ncs/v3.2.1/nrfxlib/softdevice_controller/lib/nrf52/soft-float/libsoftdevice_controller_peripheral.a(libsoftdevice_controller_s112_debug_soft__obfuscated.elf)
                0x0000000000002cb0                sym_JKMI2SFC2N7KXC6XI6ZEAONO7SV2US6LWEISHOY
 .text          0x0000000000002cc4        0xc C:/ncs/v3.2.1/nrfxlib/softdevice_controller/lib/nrf52/soft-float/libsoftdevice_controller_peripheral.a(libsoftdevice_controller_s112_debug_soft__obfuscated.elf)
                0x0000000000002cc4                sym_LZWMHZYOCOZFEZM63EFTHCONDNYRE5YDAMU6QDQ
 .text          0x0000000000002cd0       0x10 C:/ncs/v3.2.1/nrfxlib/softdevice_controller/lib/nrf52/soft-float/libsoftdevice_controller_peripheral.a(libsoftdevice_controller_s112_debug_soft__obfuscated.elf)
                0x0000000000002cd0                sym_FHMOSTDS4FAIPN4GDRMMMBPMBOTEQ5DLCM2A23Q
 .text          0x0000000000002ce0       0x24 C:/ncs/v3.2.1/nrfxlib/softdevice_controller/lib/nrf52/soft-float/libsoftdevice_controller_peripheral.a(libsoftdevice_controller_s112_debug_soft__obfuscated.elf)
                0x0000000000002ce0                sym_XOOTGCSEAKA3PUKZW3QYB4DCVC2FKUP2TS5AZ5Q
 .text          0x0000000000002d04       0x24 C:/ncs/v3.2.1/nrfxlib/softdevice_controller/lib/nrf52/soft-float/libsoftdevice_controller_peripheral.a(libsoftdevice_controller_s112_debug_soft__obfuscated.elf)
                0x0000000000002d04                sym_XYMSM3YEXEOTUFIX3SPRBT27O44DJZKZVLNHELY
 .text          0x0000000000002d28       0x1c C:/ncs/v3.2.1/nrfxlib/softdevice_controller/lib/nrf52/soft-float/libsoftdevice_controller_peripheral.a(libsoftdevice_controller_s112_debug_soft__obfuscated.elf)
                0x0000000000002d28                sym_HHT5YV37VWRBGUMO4AOJUKOJARZKAH2OUWPZF7Q
 .text          0x0000000000002d44       0x24 C:/ncs/v3.2.1/nrfxlib/softdevice_controller/lib/nrf52/soft-float/libsoftdevice_controller_peripheral.a(libsoftdevice_controller_s112_debug_soft__obfuscated.elf)
                0x0000000000002d44                sym_NJ23GB56DKRDWNC3A6OFPLEADGH3SOLDHUUSOYQ
 .text          0x0000000000002d68       0x24 C:/ncs/v3.2.1/nrfxlib/softdevice_controller/lib/nrf52/soft-float/libsoftdevice_controller_peripheral.a(libsoftdevice_controller_s112_debug_soft__obfuscated.elf)
                0x0000000000002d68                sym_ZWMGPE3QKJAQI4HTKIFMREKNKAUYHMAALNVM2QI
 .text          0x0000000000002d8c       0x18 C:/ncs/v3.2.1/nrfxlib/softdevice_controller/lib/nrf52/soft-float/libsoftdevice_controller_peripheral.a(libsoftdevice_controller_s112_debug_soft__obfuscated.elf)
                0x0000000000002d8c                sym_MWHYECJZLQQJKLQZGDI66SVA3IIWYKXL7G5FMHY
 .text          0x0000000000002da4       0x2c C:/ncs/v3.2.1/nrfxlib/softdevice_controller/lib/nrf52/soft-float/libsoftdevice_controller_peripheral.a(libsoftdevice_controller_s112_debug_soft__obfuscated.elf)
                0x0000000000002da4                sym_43VAZS4NQXUMOPHD7W7SYFZ3WJ6KGQYQH6UOYPQ
 .text          0x0000000000002dd0       0x9c C:/ncs/v3.2.1/nrfxlib/softdevice_controller/lib/nrf52/soft-float/libsoftdevice_controller_peripheral.a(libsoftdevice_controller_s112_debug_soft__obfuscated.elf)
                0x0000000000002dd0                sym_IPYDOGNKVSD5CNASNRZPFKSG4XKU4ZG4SVERI7Q
 .text          0x0000000000002e6c       0x30 C:/ncs/v3.2.1/nrfxlib/softdevice_controller/lib/nrf52/soft-float/libsoftdevice_controller_peripheral.a(libsoftdevice_controller_s112_debug_soft__obfuscated.elf)
                0x0000000000002e6c                sym_K5GMJMBHBYPRCUIWKNEXGPSNQEZKEMBAP4JWHBQ
 .text          0x0000000000002e9c       0x30 C:/ncs/v3.2.1/nrfxlib/softdevice_controller/lib/nrf52/soft-float/libsoftdevice_controller_peripheral.a(libsoftdevice_controller_s112_debug_soft__obfuscated.elf)
                0x0000000000002e9c                sym_7LZ5OF5UTH4WGXV6IKS6GUUHKYRIWQTTIJXNBEY
 .text          0x0000000000002ecc       0x34 C:/ncs/v3.2.1/nrfxlib/softdevice_controller/lib/nrf52/soft-float/libsoftdevice_controller_peripheral.a(libsoftdevice_controller_s112_debug_soft__obfuscated.elf)
                0x0000000000002ecc                sym_77ICNIHY2R2L3JRP4ZLMOWZSS3UZRKJXJOBWTWI
 .text          0x0000000000002f00       0xc0 C:/ncs/v3.2.1/nrfxlib/softdevice_controller/lib/nrf52/soft-float/libsoftdevice_controller_peripheral.a(libsoftdevice_controller_s112_debug_soft__obfuscated.elf)
                0x0000000000002f00                sym_O4OEFTDQOHR27DXSKIP2NTPPTRMSYXD4NWCXJCY
 .text          0x0000000000002fc0       0x30 C:/ncs/v3.2.1/nrfxlib/softdevice_controller/lib/nrf52/soft-float/libsoftdevice_controller_peripheral.a(libsoftdevice_controller_s112_debug_soft__obfuscated.elf)
                0x0000000000002fc0                sym_IXYRVGMAX4SRXA2W5Z6EII6E55G3FBKT7HXOFRA
 .text          0x0000000000002ff0      0x15c C:/ncs/v3.2.1/nrfxlib/softdevice_controller/lib/nrf52/soft-float/libsoftdevice_controller_peripheral.a(libsoftdevice_controller_s112_debug_soft__obfuscated.elf)
                0x0000000000002ff0                sym_BZUCV52NNXYJ4PFZE6PPPT2ZDHUDTEPDS6LUKZI
 .text          0x000000000000314c       0x24 C:/ncs/v3.2.1/nrfxlib/softdevice_controller/lib/nrf52/soft-float/libsoftdevice_controller_peripheral.a(libsoftdevice_controller_s112_debug_soft__obfuscated.elf)
                0x000000000000314c                sym_R3OVSIK4NXKOTUBI3IUCWAF5GBSLNFLFQGOT2YA
 .text          0x0000000000003170       0x24 C:/ncs/v3.2.1/nrfxlib/softdevice_controller/lib/nrf52/soft-float/libsoftdevice_controller_peripheral.a(libsoftdevice_controller_s112_debug_soft__obfuscated.elf)
                0x0000000000003170                sym_JOD4HBACYVOMP3CDGJCWGWOV76FFL6T5SRSXLJA
 .text          0x0000000000003194       0x50 C:/ncs/v3.2.1/nrfxlib/softdevice_controller/lib/nrf52/soft-float/libsoftdevice_controller_peripheral.a(libsoftdevice_controller_s112_debug_soft__obfuscated.elf)
                0x0000000000003194                sym_IM3N55HLVRFQYD25P6A2DK6S6UPAUWTY4RZRVZY
 .text          0x00000000000031e4       0x7c C:/ncs/v3.2.1/nrfxlib/softdevice_controller/lib/nrf52/soft-float/libsoftdevice_controller_peripheral.a(libsoftdevice_controller_s112_debug_soft__obfuscated.elf)
 .text          0x0000000000003260       0x1c C:/ncs/v3.2.1/nrfxlib/softdevice_controller/lib/nrf52/soft-float/libsoftdevice_controller_peripheral.a(libsoftdevice_controller_s112_debug_soft__obfuscated.elf)
                0x0000000000003260                sym_VFOLPFPCBUBOWLD5S5NLUE2HEG4YIVT4AHJSRAA
 .text          0x000000000000327c       0x40 C:/ncs/v3.2.1/nrfxlib/softdevice_controller/lib/nrf52/soft-float/libsoftdevice_controller_peripheral.a(libsoftdevice_controller_s112_debug_soft__obfuscated.elf)
                0x000000000000327c                sym_TG47FIKHYTY55XYJ3V55KYXFAZDAW5Z526JT45I
 .text          0x00000000000032bc       0x84 C:/ncs/v3.2.1/nrfxlib/softdevice_controller/lib/nrf52/soft-float/libsoftdevice_controller_peripheral.a(libsoftdevice_controller_s112_debug_soft__obfuscated.elf)
                0x00000000000032bc                sym_37NODBYTBKFFSSK63VRMJNBJWPSLOW2TI6JJ5VA
 .text          0x0000000000003340       0x60 C:/ncs/v3.2.1/nrfxlib/softdevice_controller/lib/nrf52/soft-float/libsoftdevice_controller_peripheral.a(libsoftdevice_controller_s112_debug_soft__obfuscated.elf)
                0x0000000000003340                sym_5PX46PPXISSLTQOT7WU7ULFUTTIKTAFVIDYCAVY
 .text          0x00000000000033a0       0x48 C:/ncs/v3.2.1/nrfxlib/softdevice_controller/lib/nrf52/soft-float/libsoftdevice_controller_peripheral.a(libsoftdevice_controller_s112_debug_soft__obfuscated.elf)
                0x00000000000033a0                sym_7ABLLIXUF3HMINU3DLWXJDVBNAU7RSUXPXZ3RFQ
 .text          0x00000000000033e8       0x68 C:/ncs/v3.2.1/nrfxlib/softdevice_controller/lib/nrf52/soft-float/libsoftdevice_controller_peripheral.a(libsoftdevice_controller_s112_debug_soft__obfuscated.elf)
                0x00000000000033e8                sym_RHE23VLW3YS5P4HRDMPTVWIHXVLEGJ7BJEAEEUI
 .text          0x0000000000003450       0x24 C:/ncs/v3.2.1/nrfxlib/softdevice_controller/lib/nrf52/soft-float/libsoftdevice_controller_peripheral.a(libsoftdevice_controller_s112_debug_soft__obfuscated.elf)
                0x0000000000003450                sym_KH2TZBL3IC4Q72SOWRZYKXJYTC66QUG36J2D64Q
 .text          0x0000000000003474       0x20 C:/ncs/v3.2.1/nrfxlib/softdevice_controller/lib/nrf52/soft-float/libsoftdevice_controller_peripheral.a(libsoftdevice_controller_s112_debug_soft__obfuscated.elf)
                0x0000000000003474                sym_CYYZ5DA5UWAE37FM7XP643I473QUSWWZ2MS7OLY
 .text          0x0000000000003494       0x34 C:/ncs/v3.2.1/nrfxlib/softdevice_controller/lib/nrf52/soft-float/libsoftdevice_controller_peripheral.a(libsoftdevice_controller_s112_debug_soft__obfuscated.elf)
                0x0000000000003494                sym_KQ4RAL3HW3LUBE4EKZDESO77BJMQRXFGP63ANLQ
 .text          0x00000000000034c8       0x38 C:/ncs/v3.2.1/nrfxlib/softdevice_controller/lib/nrf52/soft-float/libsoftdevice_controller_peripheral.a(libsoftdevice_controller_s112_debug_soft__obfuscated.elf)
                0x00000000000034c8                sym_56UVHHES3DVKQZWKPD4W2O56B6Q35VFE7VP3FTY
 .text          0x0000000000003500       0x98 C:/ncs/v3.2.1/nrfxlib/softdevice_controller/lib/nrf52/soft-float/libsoftdevice_controller_peripheral.a(libsoftdevice_controller_s112_debug_soft__obfuscated.elf)
                0x0000000000003500                sym_365Y77DXDRWJHR4QPTXJM46KZ7L557J533F2SNY
 .text          0x0000000000003598       0x24 C:/ncs/v3.2.1/nrfxlib/softdevice_controller/lib/nrf52/soft-float/libsoftdevice_controller_peripheral.a(libsoftdevice_controller_s112_debug_soft__obfuscated.elf)
                0x0000000000003598                sym_MKU2XEL6QB4MO4JU3HW4P3NALUM7PALQ3OF2VGA
 .text          0x00000000000035bc       0x10 C:/ncs/v3.2.1/nrfxlib/softdevice_controller/lib/nrf52/soft-float/libsoftdevice_controller_peripheral.a(libsoftdevice_controller_s112_debug_soft__obfuscated.elf)
                0x00000000000035bc                sym_3LKWZEY2K7UEF3M7QI5VCO43HM3TH6VAPJSZJBY
 .text          0x00000000000035cc       0x84 C:/ncs/v3.2.1/nrfxlib/softdevice_controller/lib/nrf52/soft-float/libsoftdevice_controller_peripheral.a(libsoftdevice_controller_s112_debug_soft__obfuscated.elf)
 .text          0x0000000000003650       0x24 C:/ncs/v3.2.1/nrfxlib/softdevice_controller/lib/nrf52/soft-float/libsoftdevice_controller_peripheral.a(libsoftdevice_controller_s112_debug_soft__obfuscated.elf)
                0x0000000000003650                sym_ECAFXV3NMZ2THIWY27PTYY6WSGFWQJNAJOG5HIY
 .text          0x0000000000003674        0xc C:/ncs/v3.2.1/nrfxlib/softdevice_controller/lib/nrf52/soft-float/libsoftdevice_controller_peripheral.a(libsoftdevice_controller_s112_debug_soft__obfuscated.elf)
                0x0000000000003674                sym_FKU5SDIGNJ3CUR3VYEELCK5CK3EK42NLF7KQXSQ
 .text          0x0000000000003680       0x20 C:/ncs/v3.2.1/nrfxlib/softdevice_controller/lib/nrf52/soft-float/libsoftdevice_controller_peripheral.a(libsoftdevice_controller_s112_debug_soft__obfuscated.elf)
 .text          0x00000000000036a0       0x10 C:/ncs/v3.2.1/nrfxlib/softdevice_controller/lib/nrf52/soft-float/libsoftdevice_controller_peripheral.a(libsoftdevice_controller_s112_debug_soft__obfuscated.elf)
                0x00000000000036a0                sym_QCAWKLQF54ZUVQEUZYI3LS3CAU7N52INENNQS4A
 .text          0x00000000000036b0       0x40 C:/ncs/v3.2.1/nrfxlib/softdevice_controller/lib/nrf52/soft-float/libsoftdevice_controller_peripheral.a(libsoftdevice_controller_s112_debug_soft__obfuscated.elf)
                0x00000000000036b0                sym_DTBEJNW7A7JHG4MN52YFYEA2GZJHMHF7KQIBYHA
 .text          0x00000000000036f0       0x2c C:/ncs/v3.2.1/nrfxlib/softdevice_controller/lib/nrf52/soft-float/libsoftdevice_controller_peripheral.a(libsoftdevice_controller_s112_debug_soft__obfuscated.elf)
 .text          0x000000000000371c      0x510 C:/ncs/v3.2.1/nrfxlib/softdevice_controller/lib/nrf52/soft-float/libsoftdevice_controller_peripheral.a(libsoftdevice_controller_s112_debug_soft__obfuscated.elf)
 .text          0x0000000000003c2c      0x198 C:/ncs/v3.2.1/nrfxlib/softdevice_controller/lib/nrf52/soft-float/libsoftdevice_controller_peripheral.a(libsoftdevice_controller_s112_debug_soft__obfuscated.elf)
 .text          0x0000000000003dc4      0x144 C:/ncs/v3.2.1/nrfxlib/softdevice_controller/lib/nrf52/soft-float/libsoftdevice_controller_peripheral.a(libsoftdevice_controller_s112_debug_soft__obfuscated.elf)
                0x0000000000003dc4                sym_U3OFHSWAAHECAZEDHWSQTU63SOSYAQR6QI45AFY
 .text          0x0000000000003f08       0x94 C:/ncs/v3.2.1/nrfxlib/softdevice_controller/lib/nrf52/soft-float/libsoftdevice_controller_peripheral.a(libsoftdevice_controller_s112_debug_soft__obfuscated.elf)
                0x0000000000003f08                sym_3LXCSEW4O4NZFGMXLMWXSJJVGEQV4VDRFCVRV4Q
 .text          0x0000000000003f9c       0x1c C:/ncs/v3.2.1/nrfxlib/softdevice_controller/lib/nrf52/soft-float/libsoftdevice_controller_peripheral.a(libsoftdevice_controller_s112_debug_soft__obfuscated.elf)
                0x0000000000003f9c                sym_4O3EP57XWWWRY57PVJMDKXNE25ZWFBDV6LLBFQQ
 .text          0x0000000000003fb8        0xc C:/ncs/v3.2.1/nrfxlib/softdevice_controller/lib/nrf52/soft-float/libsoftdevice_controller_peripheral.a(libsoftdevice_controller_s112_debug_soft__obfuscated.elf)
                0x0000000000003fb8                sym_O6J3MUC4KJEDMNJLCC5Z3G5LTC5IHVL4PW7F6QI
 .text          0x0000000000003fc4       0x1c C:/ncs/v3.2.1/nrfxlib/softdevice_controller/lib/nrf52/soft-float/libsoftdevice_controller_peripheral.a(libsoftdevice_controller_s112_debug_soft__obfuscated.elf)
                0x0000000000003fc4                sym_FQCHK2QLF7THGK7G4A4OWWNXI3K2TVYTTB4U4GY
 .text          0x0000000000003fe0      0x1d0 C:/ncs/v3.2.1/nrfxlib/softdevice_controller/lib/nrf52/soft-float/libsoftdevice_controller_peripheral.a(libsoftdevice_controller_s112_debug_soft__obfuscated.elf)
                0x0000000000003fe0                sym_EXAZKO22MNOFNIXIFHQ2Z4GAYMKBCE2UPJ6JSVI
 .text          0x00000000000041b0       0x70 C:/ncs/v3.2.1/nrfxlib/softdevice_controller/lib/nrf52/soft-float/libsoftdevice_controller_peripheral.a(libsoftdevice_controller_s112_debug_soft__obfuscated.elf)
                0x00000000000041b0                sym_XVWN3IZ65SG2YZAV5STIEBPJ2RGWTP2JZ3UEJLQ
 .text          0x0000000000004220        0xc C:/ncs/v3.2.1/nrfxlib/softdevice_controller/lib/nrf52/soft-float/libsoftdevice_controller_peripheral.a(libsoftdevice_controller_s112_debug_soft__obfuscated.elf)
                0x0000000000004220                sym_YZMCMF2VDK5EZ5GH5K4G77V4XY7KHBJNPGELPVQ
 .text          0x000000000000422c       0x24 C:/ncs/v3.2.1/nrfxlib/softdevice_controller/lib/nrf52/soft-float/libsoftdevice_controller_peripheral.a(libsoftdevice_controller_s112_debug_soft__obfuscated.elf)
 .text          0x0000000000004250       0x70 C:/ncs/v3.2.1/nrfxlib/softdevice_controller/lib/nrf52/soft-float/libsoftdevice_controller_peripheral.a(libsoftdevice_controller_s112_debug_soft__obfuscated.elf)
 .text          0x00000000000042c0       0x48 C:/ncs/v3.2.1/nrfxlib/softdevice_controller/lib/nrf52/soft-float/libsoftdevice_controller_peripheral.a(libsoftdevice_controller_s112_debug_soft__obfuscated.elf)
 .text          0x0000000000004308       0x2c C:/ncs/v3.2.1/nrfxlib/softdevice_controller/lib/nrf52/soft-float/libsoftdevice_controller_peripheral.a(libsoftdevice_controller_s112_debug_soft__obfuscated.elf)
 .text          0x0000000000004334       0xac C:/ncs/v3.2.1/nrfxlib/softdevice_controller/lib/nrf52/soft-float/libsoftdevice_controller_peripheral.a(libsoftdevice_controller_s112_debug_soft__obfuscated.elf)
 .text          0x00000000000043e0       0x24 C:/ncs/v3.2.1/nrfxlib/softdevice_controller/lib/nrf52/soft-float/libsoftdevice_controller_peripheral.a(libsoftdevice_controller_s112_debug_soft__obfuscated.elf)
 .text          0x0000000000004404      0x10c C:/ncs/v3.2.1/nrfxlib/softdevice_controller/lib/nrf52/soft-float/libsoftdevice_controller_peripheral.a(libsoftdevice_controller_s112_debug_soft__obfuscated.elf)
 .text          0x0000000000004510      0x204 C:/ncs/v3.2.1/nrfxlib/softdevice_controller/lib/nrf52/soft-float/libsoftdevice_controller_peripheral.a(libsoftdevice_controller_s112_debug_soft__obfuscated.elf)
 .text          0x0000000000004714       0xd0 C:/ncs/v3.2.1/nrfxlib/softdevice_controller/lib/nrf52/soft-float/libsoftdevice_controller_peripheral.a(libsoftdevice_controller_s112_debug_soft__obfuscated.elf)
 .text          0x00000000000047e4      0x154 C:/ncs/v3.2.1/nrfxlib/softdevice_controller/lib/nrf52/soft-float/libsoftdevice_controller_peripheral.a(libsoftdevice_controller_s112_debug_soft__obfuscated.elf)
 .text          0x0000000000004938       0x48 C:/ncs/v3.2.1/nrfxlib/softdevice_controller/lib/nrf52/soft-float/libsoftdevice_controller_peripheral.a(libsoftdevice_controller_s112_debug_soft__obfuscated.elf)
 .text          0x0000000000004980       0x10 C:/ncs/v3.2.1/nrfxlib/softdevice_controller/lib/nrf52/soft-float/libsoftdevice_controller_peripheral.a(libsoftdevice_controller_s112_debug_soft__obfuscated.elf)
 .text          0x0000000000004990       0x54 C:/ncs/v3.2.1/nrfxlib/softdevice_controller/lib/nrf52/soft-float/libsoftdevice_controller_peripheral.a(libsoftdevice_controller_s112_debug_soft__obfuscated.elf)
 .text          0x00000000000049e4       0x24 C:/ncs/v3.2.1/nrfxlib/softdevice_controller/lib/nrf52/soft-float/libsoftdevice_controller_peripheral.a(libsoftdevice_controller_s112_debug_soft__obfuscated.elf)
                0x00000000000049e4                sym_4WIY2RAFLOZNOS4O5BEVWEYHIO3NV42IZ2Q2NWQ
 .text          0x0000000000004a08       0x2c C:/ncs/v3.2.1/nrfxlib/softdevice_controller/lib/nrf52/soft-float/libsoftdevice_controller_peripheral.a(libsoftdevice_controller_s112_debug_soft__obfuscated.elf)
                0x0000000000004a08                sym_KC3JIKE7HTERE3Q3BXMRUIDPAENUZKVBIDO6ODY
 .text          0x0000000000004a34       0x10 C:/ncs/v3.2.1/nrfxlib/softdevice_controller/lib/nrf52/soft-float/libsoftdevice_controller_peripheral.a(libsoftdevice_controller_s112_debug_soft__obfuscated.elf)
                0x0000000000004a34                sym_BPVIPCP3IMFHHNRASYWRUQPTOXIXQGWP3DTKXWI
 .text          0x0000000000004a44       0x20 C:/ncs/v3.2.1/nrfxlib/softdevice_controller/lib/nrf52/soft-float/libsoftdevice_controller_peripheral.a(libsoftdevice_controller_s112_debug_soft__obfuscated.elf)
                0x0000000000004a44                sym_I72BLVRK23UDT6KM4GEW6EVDLN4L7QB2CLD4CMY
 .text          0x0000000000004a64       0xac C:/ncs/v3.2.1/nrfxlib/softdevice_controller/lib/nrf52/soft-float/libsoftdevice_controller_peripheral.a(libsoftdevice_controller_s112_debug_soft__obfuscated.elf)
                0x0000000000004a64                sym_JIJASGQH4XEEPZL7D35VQHVPKKLANGDBS2M46NQ
 .text          0x0000000000004b10      0x138 C:/ncs/v3.2.1/nrfxlib/softdevice_controller/lib/nrf52/soft-float/libsoftdevice_controller_peripheral.a(libsoftdevice_controller_s112_debug_soft__obfuscated.elf)
                0x0000000000004b10                sym_KBJ4SX4MJK4IAM4DI3ILSISVXIP6O72O62TW3OQ
 .text          0x0000000000004c48       0x6c C:/ncs/v3.2.1/nrfxlib/softdevice_controller/lib/nrf52/soft-float/libsoftdevice_controller_peripheral.a(libsoftdevice_controller_s112_debug_soft__obfuscated.elf)
 .text          0x0000000000004cb4       0x10 C:/ncs/v3.2.1/nrfxlib/softdevice_controller/lib/nrf52/soft-float/libsoftdevice_controller_peripheral.a(libsoftdevice_controller_s112_debug_soft__obfuscated.elf)
                0x0000000000004cb4                sym_PY5KUATPBYOYJBMP6H7AVRPSEO7BZX2JK524O6A
 .text          0x0000000000004cc4       0x3c C:/ncs/v3.2.1/nrfxlib/softdevice_controller/lib/nrf52/soft-float/libsoftdevice_controller_peripheral.a(libsoftdevice_controller_s112_debug_soft__obfuscated.elf)
                0x0000000000004cc4                sym_RPDYS5TXULS3Z2BQR7IFNSOINXPPN4LN764SRIY
 .text          0x0000000000004d00        0x4 C:/ncs/v3.2.1/nrfxlib/softdevice_controller/lib/nrf52/soft-float/libsoftdevice_controller_peripheral.a(libsoftdevice_controller_s112_debug_soft__obfuscated.elf)
 .text          0x0000000000004d04        0x8 C:/ncs/v3.2.1/nrfxlib/softdevice_controller/lib/nrf52/soft-float/libsoftdevice_controller_peripheral.a(libsoftdevice_controller_s112_debug_soft__obfuscated.elf)
 .text          0x0000000000004d0c        0x4 C:/ncs/v3.2.1/nrfxlib/softdevice_controller/lib/nrf52/soft-float/libsoftdevice_controller_peripheral.a(libsoftdevice_controller_s112_debug_soft__obfuscated.elf)
 .text          0x0000000000004d10       0x18 C:/ncs/v3.2.1/nrfxlib/softdevice_controller/lib/nrf52/soft-float/libsoftdevice_controller_peripheral.a(libsoftdevice_controller_s112_debug_soft__obfuscated.elf)
 .text          0x0000000000004d28       0x40 C:/ncs/v3.2.1/nrfxlib/softdevice_controller/lib/nrf52/soft-float/libsoftdevice_controller_peripheral.a(libsoftdevice_controller_s112_debug_soft__obfuscated.elf)
                0x0000000000004d28                sym_6FVWF5AWPR7EN7BPHS4APSIUXYFZQTTZCMRDKPY
 .text          0x0000000000004d68       0x38 C:/ncs/v3.2.1/nrfxlib/softdevice_controller/lib/nrf52/soft-float/libsoftdevice_controller_peripheral.a(libsoftdevice_controller_s112_debug_soft__obfuscated.elf)
 .text          0x0000000000004da0       0xbc C:/ncs/v3.2.1/nrfxlib/softdevice_controller/lib/nrf52/soft-float/libsoftdevice_controller_peripheral.a(libsoftdevice_controller_s112_debug_soft__obfuscated.elf)
 .text          0x0000000000004e5c       0x58 C:/ncs/v3.2.1/nrfxlib/softdevice_controller/lib/nrf52/soft-float/libsoftdevice_controller_peripheral.a(libsoftdevice_controller_s112_debug_soft__obfuscated.elf)
 .text          0x0000000000004eb4       0xa8 C:/ncs/v3.2.1/nrfxlib/softdevice_controller/lib/nrf52/soft-float/libsoftdevice_controller_peripheral.a(libsoftdevice_controller_s112_debug_soft__obfuscated.elf)
 .text          0x0000000000004f5c       0x5c C:/ncs/v3.2.1/nrfxlib/softdevice_controller/lib/nrf52/soft-float/libsoftdevice_controller_peripheral.a(libsoftdevice_controller_s112_debug_soft__obfuscated.elf)
 .text          0x0000000000004fb8       0x90 C:/ncs/v3.2.1/nrfxlib/softdevice_controller/lib/nrf52/soft-float/libsoftdevice_controller_peripheral.a(libsoftdevice_controller_s112_debug_soft__obfuscated.elf)
 .text          0x0000000000005048       0x8c C:/ncs/v3.2.1/nrfxlib/softdevice_controller/lib/nrf52/soft-float/libsoftdevice_controller_peripheral.a(libsoftdevice_controller_s112_debug_soft__obfuscated.elf)
 .text          0x00000000000050d4      0x228 C:/ncs/v3.2.1/nrfxlib/softdevice_controller/lib/nrf52/soft-float/libsoftdevice_controller_peripheral.a(libsoftdevice_controller_s112_debug_soft__obfuscated.elf)
 .text          0x00000000000052fc      0x6e4 C:/ncs/v3.2.1/nrfxlib/softdevice_controller/lib/nrf52/soft-float/libsoftdevice_controller_peripheral.a(libsoftdevice_controller_s112_debug_soft__obfuscated.elf)
 .text          0x00000000000059e0      0x1a4 C:/ncs/v3.2.1/nrfxlib/softdevice_controller/lib/nrf52/soft-float/libsoftdevice_controller_peripheral.a(libsoftdevice_controller_s112_debug_soft__obfuscated.elf)
                0x00000000000059e0                sym_GRKUQI62F6CK2HPCZKZRWSZ3PZVCGXTWPZAIMJA
 .text          0x0000000000005b84       0x60 C:/ncs/v3.2.1/nrfxlib/softdevice_controller/lib/nrf52/soft-float/libsoftdevice_controller_peripheral.a(libsoftdevice_controller_s112_debug_soft__obfuscated.elf)
                0x0000000000005b84                sym_HT64RIVISXSWFJE3LL26YHKQRTRRXKVEDBUUUOQ
 .text          0x0000000000005be4       0x20 C:/ncs/v3.2.1/nrfxlib/softdevice_controller/lib/nrf52/soft-float/libsoftdevice_controller_peripheral.a(libsoftdevice_controller_s112_debug_soft__obfuscated.elf)
 .text          0x0000000000005c04       0x14 C:/ncs/v3.2.1/nrfxlib/softdevice_controller/lib/nrf52/soft-float/libsoftdevice_controller_peripheral.a(libsoftdevice_controller_s112_debug_soft__obfuscated.elf)
                0x0000000000005c04                sym_LOTFHGQTFUFWGX7HOTL4Q2XATGIJRVIMCMOYRMA
 .text          0x0000000000005c18       0x30 C:/ncs/v3.2.1/nrfxlib/softdevice_controller/lib/nrf52/soft-float/libsoftdevice_controller_peripheral.a(libsoftdevice_controller_s112_debug_soft__obfuscated.elf)
                0x0000000000005c18                sym_MDF364N4PQDEA5ZGP5CB3ZDZVZM5Q32KSEZZ5HI
 .text          0x0000000000005c48       0x34 C:/ncs/v3.2.1/nrfxlib/softdevice_controller/lib/nrf52/soft-float/libsoftdevice_controller_peripheral.a(libsoftdevice_controller_s112_debug_soft__obfuscated.elf)
                0x0000000000005c48                sym_XCEN5K7VEI2CAO42XW7S3FKM3HKMOCDCUFDX25Y
 .text          0x0000000000005c7c       0x48 C:/ncs/v3.2.1/nrfxlib/softdevice_controller/lib/nrf52/soft-float/libsoftdevice_controller_peripheral.a(libsoftdevice_controller_s112_debug_soft__obfuscated.elf)
                0x0000000000005c7c                sym_5DEPI2OGSPXE5OVFBPVFPSPYPRYUQ54QVVXIKNI
 .text          0x0000000000005cc4       0x30 C:/ncs/v3.2.1/nrfxlib/softdevice_controller/lib/nrf52/soft-float/libsoftdevice_controller_peripheral.a(libsoftdevice_controller_s112_debug_soft__obfuscated.elf)
                0x0000000000005cc4                sym_KZ5CVONZGMGIGNMI7YD6HLN3FXAAJK6OMEJW6BQ
 .text          0x0000000000005cf4       0x28 C:/ncs/v3.2.1/nrfxlib/softdevice_controller/lib/nrf52/soft-float/libsoftdevice_controller_peripheral.a(libsoftdevice_controller_s112_debug_soft__obfuscated.elf)
                0x0000000000005cf4                sym_ZQHB3ANU2DANFLJZLZL5U4SPQ2ZDVUAHI35744Y
 .text          0x0000000000005d1c       0x10 C:/ncs/v3.2.1/nrfxlib/softdevice_controller/lib/nrf52/soft-float/libsoftdevice_controller_peripheral.a(libsoftdevice_controller_s112_debug_soft__obfuscated.elf)
                0x0000000000005d1c                sym_TRMXENGHOH4VBQQZPIN222FLCEFU3Z3CD5C47DY
 .text          0x0000000000005d2c       0x94 C:/ncs/v3.2.1/nrfxlib/softdevice_controller/lib/nrf52/soft-float/libsoftdevice_controller_peripheral.a(libsoftdevice_controller_s112_debug_soft__obfuscated.elf)
                0x0000000000005d2c                sym_5I5MTMPTF2F4WI7MIXG5OG4TUPLUR53CB2QHVUA
 .text          0x0000000000005dc0       0x74 C:/ncs/v3.2.1/nrfxlib/softdevice_controller/lib/nrf52/soft-float/libsoftdevice_controller_peripheral.a(libsoftdevice_controller_s112_debug_soft__obfuscated.elf)
                0x0000000000005dc0                sym_34OQXU6XYDWKWHN5EMSCVCYRBEVOEZSUTYFYNWA
 .text          0x0000000000005e34       0x48 C:/ncs/v3.2.1/nrfxlib/softdevice_controller/lib/nrf52/soft-float/libsoftdevice_controller_peripheral.a(libsoftdevice_controller_s112_debug_soft__obfuscated.elf)
                0x0000000000005e34                sym_LZKUPPVFGF7KN7J3NAQQZHRWZPBIWIFOZAIRSWQ
 .text          0x0000000000005e7c       0x30 C:/ncs/v3.2.1/nrfxlib/softdevice_controller/lib/nrf52/soft-float/libsoftdevice_controller_peripheral.a(libsoftdevice_controller_s112_debug_soft__obfuscated.elf)
                0x0000000000005e7c                sym_VIDE7XVSTT4HHX2MQJX6VUVABAKVNGIPRTLRLEQ
 .text          0x0000000000005eac       0x78 C:/ncs/v3.2.1/nrfxlib/softdevice_controller/lib/nrf52/soft-float/libsoftdevice_controller_peripheral.a(libsoftdevice_controller_s112_debug_soft__obfuscated.elf)
                0x0000000000005eac                sym_FYMYD324TMLKJZE62CZN4WTXFSPL6FPU2SZH6CI
 .text          0x0000000000005f24        0xc C:/ncs/v3.2.1/nrfxlib/softdevice_controller/lib/nrf52/soft-float/libsoftdevice_controller_peripheral.a(libsoftdevice_controller_s112_debug_soft__obfuscated.elf)
                0x0000000000005f24                sym_QQVHHHKNBN5TJBK4NCDSUYAMXMOEHFSL7HE7RRA
 .text          0x0000000000005f30       0x34 C:/ncs/v3.2.1/nrfxlib/softdevice_controller/lib/nrf52/soft-float/libsoftdevice_controller_peripheral.a(libsoftdevice_controller_s112_debug_soft__obfuscated.elf)
 .text          0x0000000000005f64       0x1c C:/ncs/v3.2.1/nrfxlib/softdevice_controller/lib/nrf52/soft-float/libsoftdevice_controller_peripheral.a(libsoftdevice_controller_s112_debug_soft__obfuscated.elf)
                0x0000000000005f64                sym_XPKSFPKFBNSTZZU4FUMGC3XRHAVS24BBL53HRMA
 .text          0x0000000000005f80       0x50 C:/ncs/v3.2.1/nrfxlib/softdevice_controller/lib/nrf52/soft-float/libsoftdevice_controller_peripheral.a(libsoftdevice_controller_s112_debug_soft__obfuscated.elf)
                0x0000000000005f80                sym_6Q45YYTUN2KDQ5V5UGE3T2LTI5FNGX6WIJYLIDI
 .text          0x0000000000005fd0       0x18 C:/ncs/v3.2.1/nrfxlib/softdevice_controller/lib/nrf52/soft-float/libsoftdevice_controller_peripheral.a(libsoftdevice_controller_s112_debug_soft__obfuscated.elf)
 .text          0x0000000000005fe8       0x20 C:/ncs/v3.2.1/nrfxlib/softdevice_controller/lib/nrf52/soft-float/libsoftdevice_controller_peripheral.a(libsoftdevice_controller_s112_debug_soft__obfuscated.elf)
 .text          0x0000000000006008       0x20 C:/ncs/v3.2.1/nrfxlib/softdevice_controller/lib/nrf52/soft-float/libsoftdevice_controller_peripheral.a(libsoftdevice_controller_s112_debug_soft__obfuscated.elf)
 .text          0x0000000000006028       0x20 C:/ncs/v3.2.1/nrfxlib/softdevice_controller/lib/nrf52/soft-float/libsoftdevice_controller_peripheral.a(libsoftdevice_controller_s112_debug_soft__obfuscated.elf)
 .text          0x0000000000006048       0x10 C:/ncs/v3.2.1/nrfxlib/softdevice_controller/lib/nrf52/soft-float/libsoftdevice_controller_peripheral.a(libsoftdevice_controller_s112_debug_soft__obfuscated.elf)
 .text          0x0000000000006058       0x58 C:/ncs/v3.2.1/nrfxlib/softdevice_controller/lib/nrf52/soft-float/libsoftdevice_controller_peripheral.a(libsoftdevice_controller_s112_debug_soft__obfuscated.elf)
 .text          0x00000000000060b0       0x30 C:/ncs/v3.2.1/nrfxlib/softdevice_controller/lib/nrf52/soft-float/libsoftdevice_controller_peripheral.a(libsoftdevice_controller_s112_debug_soft__obfuscated.elf)
 .text          0x00000000000060e0       0x64 C:/ncs/v3.2.1/nrfxlib/softdevice_controller/lib/nrf52/soft-float/libsoftdevice_controller_peripheral.a(libsoftdevice_controller_s112_debug_soft__obfuscated.elf)
 .text          0x0000000000006144       0x50 C:/ncs/v3.2.1/nrfxlib/softdevice_controller/lib/nrf52/soft-float/libsoftdevice_controller_peripheral.a(libsoftdevice_controller_s112_debug_soft__obfuscated.elf)
 .text          0x0000000000006194       0x38 C:/ncs/v3.2.1/nrfxlib/softdevice_controller/lib/nrf52/soft-float/libsoftdevice_controller_peripheral.a(libsoftdevice_controller_s112_debug_soft__obfuscated.elf)
 .text          0x00000000000061cc       0x30 C:/ncs/v3.2.1/nrfxlib/softdevice_controller/lib/nrf52/soft-float/libsoftdevice_controller_peripheral.a(libsoftdevice_controller_s112_debug_soft__obfuscated.elf)
 .text          0x00000000000061fc       0x88 C:/ncs/v3.2.1/nrfxlib/softdevice_controller/lib/nrf52/soft-float/libsoftdevice_controller_peripheral.a(libsoftdevice_controller_s112_debug_soft__obfuscated.elf)
 .text          0x0000000000006284       0x50 C:/ncs/v3.2.1/nrfxlib/softdevice_controller/lib/nrf52/soft-float/libsoftdevice_controller_peripheral.a(libsoftdevice_controller_s112_debug_soft__obfuscated.elf)
 .text          0x00000000000062d4      0x128 C:/ncs/v3.2.1/nrfxlib/softdevice_controller/lib/nrf52/soft-float/libsoftdevice_controller_peripheral.a(libsoftdevice_controller_s112_debug_soft__obfuscated.elf)
 .text          0x00000000000063fc       0x58 C:/ncs/v3.2.1/nrfxlib/softdevice_controller/lib/nrf52/soft-float/libsoftdevice_controller_peripheral.a(libsoftdevice_controller_s112_debug_soft__obfuscated.elf)
                0x00000000000063fc                sym_RUQBFILZ5CHV2AAL6C3D2J5Y33TCCAPZTHBGZ3A
 .text          0x0000000000006454       0x10 C:/ncs/v3.2.1/nrfxlib/softdevice_controller/lib/nrf52/soft-float/libsoftdevice_controller_peripheral.a(libsoftdevice_controller_s112_debug_soft__obfuscated.elf)
                0x0000000000006454                sym_DRIMECVE2FH7O6C2LQ25QRVJOICPHLA5GC6TM2I
 .text          0x0000000000006464        0xc C:/ncs/v3.2.1/nrfxlib/softdevice_controller/lib/nrf52/soft-float/libsoftdevice_controller_peripheral.a(libsoftdevice_controller_s112_debug_soft__obfuscated.elf)
                0x0000000000006464                sym_ARLNRKQ66P65CL63VENK3NR6NFAZLWPJOOVV7RQ
 .text          0x0000000000006470       0x10 C:/ncs/v3.2.1/nrfxlib/softdevice_controller/lib/nrf52/soft-float/libsoftdevice_controller_peripheral.a(libsoftdevice_controller_s112_debug_soft__obfuscated.elf)
                0x0000000000006470                sym_GI7KSEEMTJQ7HR2XTQJ6A3EAB54YYLMWKNL2RBA
 .text          0x0000000000006480       0x38 C:/ncs/v3.2.1/nrfxlib/softdevice_controller/lib/nrf52/soft-float/libsoftdevice_controller_peripheral.a(libsoftdevice_controller_s112_debug_soft__obfuscated.elf)
                0x0000000000006480                sym_RSWA3KDPDNEX2QOFCEQGJOF7JZOR274BWTEY2JA
 .text          0x00000000000064b8       0x48 C:/ncs/v3.2.1/nrfxlib/softdevice_controller/lib/nrf52/soft-float/libsoftdevice_controller_peripheral.a(libsoftdevice_controller_s112_debug_soft__obfuscated.elf)
                0x00000000000064b8                sym_5M4NZWSJ6BHHJZLT6EUU64HNZ2KEYYSTH2RKH5I
 .text          0x0000000000006500       0x64 C:/ncs/v3.2.1/nrfxlib/softdevice_controller/lib/nrf52/soft-float/libsoftdevice_controller_peripheral.a(libsoftdevice_controller_s112_debug_soft__obfuscated.elf)
                0x0000000000006500                sym_5CHOZAQ75MOW32NPEGX5AYLDFVQR6HZCDXZY5PQ
 .text          0x0000000000006564       0x24 C:/ncs/v3.2.1/nrfxlib/softdevice_controller/lib/nrf52/soft-float/libsoftdevice_controller_peripheral.a(libsoftdevice_controller_s112_debug_soft__obfuscated.elf)
                0x0000000000006564                sym_YUNWMAOOL6VPZ57LS54EAM7TJ65IEHYU7XKGKUI
 .text          0x0000000000006588      0x114 C:/ncs/v3.2.1/nrfxlib/softdevice_controller/lib/nrf52/soft-float/libsoftdevice_controller_peripheral.a(libsoftdevice_controller_s112_debug_soft__obfuscated.elf)
                0x0000000000006588                sym_JQ5GTNCJKXERB3SSKQRXLQOKWJQVRNEOVZZZVXI
 .text          0x000000000000669c        0xc C:/ncs/v3.2.1/nrfxlib/softdevice_controller/lib/nrf52/soft-float/libsoftdevice_controller_peripheral.a(libsoftdevice_controller_s112_debug_soft__obfuscated.elf)
                0x000000000000669c                sym_HE5JGYEZFIITGQL7PMATDHSORSCK7HJIY5UXOZA
 .text          0x00000000000066a8       0x14 C:/ncs/v3.2.1/nrfxlib/softdevice_controller/lib/nrf52/soft-float/libsoftdevice_controller_peripheral.a(libsoftdevice_controller_s112_debug_soft__obfuscated.elf)
                0x00000000000066a8                sym_YLRTPBVG5ROXKOW4KXUYITRUY3FD2MVZW5LF7ZA
 .text          0x00000000000066bc       0x1c C:/ncs/v3.2.1/nrfxlib/softdevice_controller/lib/nrf52/soft-float/libsoftdevice_controller_peripheral.a(libsoftdevice_controller_s112_debug_soft__obfuscated.elf)
                0x00000000000066bc                sym_ZQE76VUU7S5U7DETTZA65E75LHFWL5PGRN4JPHI
 .text          0x00000000000066d8       0x38 C:/ncs/v3.2.1/nrfxlib/softdevice_controller/lib/nrf52/soft-float/libsoftdevice_controller_peripheral.a(libsoftdevice_controller_s112_debug_soft__obfuscated.elf)
                0x00000000000066d8                sym_GVSNNBZMBIJOMUA3FPIAVVC7S5MNBYUF4QELXZA
 .text          0x0000000000006710       0xb8 C:/ncs/v3.2.1/nrfxlib/softdevice_controller/lib/nrf52/soft-float/libsoftdevice_controller_peripheral.a(libsoftdevice_controller_s112_debug_soft__obfuscated.elf)
                0x0000000000006710                sym_6PPYXQQOLTVZ6DHASA45P4Y6MOJ5US37OHECCGI
 .text          0x00000000000067c8       0x28 C:/ncs/v3.2.1/nrfxlib/softdevice_controller/lib/nrf52/soft-float/libsoftdevice_controller_peripheral.a(libsoftdevice_controller_s112_debug_soft__obfuscated.elf)
                0x00000000000067c8                sym_E7IS652W2J5N5UTHP752WOA4YNSR7E5S5H4J2AA
 .text          0x00000000000067f0       0xa4 C:/ncs/v3.2.1/nrfxlib/softdevice_controller/lib/nrf52/soft-float/libsoftdevice_controller_peripheral.a(libsoftdevice_controller_s112_debug_soft__obfuscated.elf)
                0x00000000000067f0                sym_A5S3P57NWYYY5XJWBYERU6H4QSVP5TCTU7HKA5Y
 .text          0x0000000000006894       0x80 C:/ncs/v3.2.1/nrfxlib/softdevice_controller/lib/nrf52/soft-float/libsoftdevice_controller_peripheral.a(libsoftdevice_controller_s112_debug_soft__obfuscated.elf)
                0x0000000000006894                sym_2YSDS7VWGMSD5CN64D2VGQIYXBV3A6NJCHWFZEY
 .text          0x0000000000006914        0xc C:/ncs/v3.2.1/nrfxlib/softdevice_controller/lib/nrf52/soft-float/libsoftdevice_controller_peripheral.a(libsoftdevice_controller_s112_debug_soft__obfuscated.elf)
                0x0000000000006914                sym_XD56LJG2JTRU4Q2V7WCY72EI3VTZICA3O4ERV2A
 .text          0x0000000000006920       0x10 C:/ncs/v3.2.1/nrfxlib/softdevice_controller/lib/nrf52/soft-float/libsoftdevice_controller_peripheral.a(libsoftdevice_controller_s112_debug_soft__obfuscated.elf)
                0x0000000000006920                sym_YG4UROEKVB7ZBE5TWHLNJHYKSFBTXGBYAX3RXRI
 .text          0x0000000000006930       0x38 C:/ncs/v3.2.1/nrfxlib/softdevice_controller/lib/nrf52/soft-float/libsoftdevice_controller_peripheral.a(libsoftdevice_controller_s112_debug_soft__obfuscated.elf)
                0x0000000000006930                sym_LPFN6QJEOHBT4AP2K7MEYWDZW35U5VHIHXOA54I
 .text          0x0000000000006968       0x68 C:/ncs/v3.2.1/nrfxlib/softdevice_controller/lib/nrf52/soft-float/libsoftdevice_controller_peripheral.a(libsoftdevice_controller_s112_debug_soft__obfuscated.elf)
                0x0000000000006968                sym_7CIQBS4FNO23MS6BAN7Q3LK45R62DBPT5FNCWOA
 .text          0x00000000000069d0       0x44 C:/ncs/v3.2.1/nrfxlib/softdevice_controller/lib/nrf52/soft-float/libsoftdevice_controller_peripheral.a(libsoftdevice_controller_s112_debug_soft__obfuscated.elf)
                0x00000000000069d0                sym_Y6HXZQJARJ7FDWKGPREPQGRRGDOQMXHDALUK6KY
 .text          0x0000000000006a14       0x18 C:/ncs/v3.2.1/nrfxlib/softdevice_controller/lib/nrf52/soft-float/libsoftdevice_controller_peripheral.a(libsoftdevice_controller_s112_debug_soft__obfuscated.elf)
                0x0000000000006a14                sym_RXYEX777ZXB2E2DXJWDBCV7AAHWTCHNTLOSENBY
 .text          0x0000000000006a2c       0x1c C:/ncs/v3.2.1/nrfxlib/softdevice_controller/lib/nrf52/soft-float/libsoftdevice_controller_peripheral.a(libsoftdevice_controller_s112_debug_soft__obfuscated.elf)
                0x0000000000006a2c                sym_PCLF3MATC3G3MYGRPG4ATMGCS6N4B7M5CSF2C2Y
 .text          0x0000000000006a48       0x30 C:/ncs/v3.2.1/nrfxlib/softdevice_controller/lib/nrf52/soft-float/libsoftdevice_controller_peripheral.a(libsoftdevice_controller_s112_debug_soft__obfuscated.elf)
                0x0000000000006a48                sym_EZCFQXKGAFHY5HQVJOXWDLO45XWMEJQY5WUGZNI
 .text          0x0000000000006a78       0x18 C:/ncs/v3.2.1/nrfxlib/softdevice_controller/lib/nrf52/soft-float/libsoftdevice_controller_peripheral.a(libsoftdevice_controller_s112_debug_soft__obfuscated.elf)
                0x0000000000006a78                sym_2GNBSSSS7HPV6RZQ52VFCGRXSPA3KLWISQSF42I
 .text          0x0000000000006a90       0x20 C:/ncs/v3.2.1/nrfxlib/softdevice_controller/lib/nrf52/soft-float/libsoftdevice_controller_peripheral.a(libsoftdevice_controller_s112_debug_soft__obfuscated.elf)
                0x0000000000006a90                sym_VEC44ISWPJAJ32J57NYIBEMC7Q6QEP7J6SVR4BQ
 .text          0x0000000000006ab0       0x18 C:/ncs/v3.2.1/nrfxlib/softdevice_controller/lib/nrf52/soft-float/libsoftdevice_controller_peripheral.a(libsoftdevice_controller_s112_debug_soft__obfuscated.elf)
                0x0000000000006ab0                sym_LSYZDZOMTD6BKKRX25HIBNLFKSFDXBS3PS4UKOY
 .text          0x0000000000006ac8      0x270 C:/ncs/v3.2.1/nrfxlib/softdevice_controller/lib/nrf52/soft-float/libsoftdevice_controller_peripheral.a(libsoftdevice_controller_s112_debug_soft__obfuscated.elf)
                0x0000000000006ac8                sym_EMR2H7KEGRFFKS6A4P3ZPPGOJSTVXLGRI25MEYQ
 .text          0x0000000000006d38       0x10 C:/ncs/v3.2.1/nrfxlib/softdevice_controller/lib/nrf52/soft-float/libsoftdevice_controller_peripheral.a(libsoftdevice_controller_s112_debug_soft__obfuscated.elf)
                0x0000000000006d38                sym_V67AIMSO57NYVNGXZF2PDQSJQJLITHU4KD4CKAY
 .text          0x0000000000006d48       0x10 C:/ncs/v3.2.1/nrfxlib/softdevice_controller/lib/nrf52/soft-float/libsoftdevice_controller_peripheral.a(libsoftdevice_controller_s112_debug_soft__obfuscated.elf)
                0x0000000000006d48                sym_UX6VBOIQ7ULLMX3I6UDFOFZ6IT2DVZKKVIEVRMY
 .text          0x0000000000006d58       0x10 C:/ncs/v3.2.1/nrfxlib/softdevice_controller/lib/nrf52/soft-float/libsoftdevice_controller_peripheral.a(libsoftdevice_controller_s112_debug_soft__obfuscated.elf)
                0x0000000000006d58                sym_L4JTLGMK2AWYAAPRB3O77773SG36X2NTZJ3FAHA
 .text          0x0000000000006d68       0x1c C:/ncs/v3.2.1/nrfxlib/softdevice_controller/lib/nrf52/soft-float/libsoftdevice_controller_peripheral.a(libsoftdevice_controller_s112_debug_soft__obfuscated.elf)
                0x0000000000006d68                sym_WD6EQ3FQVKOAARDWHQJJC5SVKHQS7A2MF5YDCPA
 .text          0x0000000000006d84       0x18 C:/ncs/v3.2.1/nrfxlib/softdevice_controller/lib/nrf52/soft-float/libsoftdevice_controller_peripheral.a(libsoftdevice_controller_s112_debug_soft__obfuscated.elf)
                0x0000000000006d84                sym_WGW6HZ6PNLYQSUJALICWZO27AY5UJWYCU6B6ACI
 .text          0x0000000000006d9c       0x34 C:/ncs/v3.2.1/nrfxlib/softdevice_controller/lib/nrf52/soft-float/libsoftdevice_controller_peripheral.a(libsoftdevice_controller_s112_debug_soft__obfuscated.elf)
                0x0000000000006d9c                sym_7VLVVPDI26BVJ64XQBSGXOQYGQA4VH5APIPDGYA
 .text          0x0000000000006dd0       0x38 C:/ncs/v3.2.1/nrfxlib/softdevice_controller/lib/nrf52/soft-float/libsoftdevice_controller_peripheral.a(libsoftdevice_controller_s112_debug_soft__obfuscated.elf)
                0x0000000000006dd0                sym_55XNA7W2CQFJPCH62ZAKHLPISYHJ7KMNREEN6EA
 .text          0x0000000000006e08       0xa8 C:/ncs/v3.2.1/nrfxlib/softdevice_controller/lib/nrf52/soft-float/libsoftdevice_controller_peripheral.a(libsoftdevice_controller_s112_debug_soft__obfuscated.elf)
                0x0000000000006e08                sym_HFZHYA225GOHR3CNLTR6BRDMBVARDCSC72CK2GI
 .text          0x0000000000006eb0        0xc C:/ncs/v3.2.1/nrfxlib/mpsl/fem/common/lib/nrf52/soft-float/libmpsl_fem_common.a(libmpsl_fem_common_debug_soft__obfuscated.elf)
                0x0000000000006eb0                mpsl_fem_caps_get
 .text          0x0000000000006ebc        0xc C:/ncs/v3.2.1/nrfxlib/mpsl/fem/common/lib/nrf52/soft-float/libmpsl_fem_common.a(libmpsl_fem_common_debug_soft__obfuscated.elf)
                0x0000000000006ebc                mpsl_fem_enable
 .text          0x0000000000006ec8        0xc C:/ncs/v3.2.1/nrfxlib/mpsl/fem/common/lib/nrf52/soft-float/libmpsl_fem_common.a(libmpsl_fem_common_debug_soft__obfuscated.elf)
                0x0000000000006ec8                mpsl_fem_disable
 .text          0x0000000000006ed4        0xc C:/ncs/v3.2.1/nrfxlib/mpsl/fem/common/lib/nrf52/soft-float/libmpsl_fem_common.a(libmpsl_fem_common_debug_soft__obfuscated.elf)
                0x0000000000006ed4                mpsl_fem_pa_configuration_set
 .text          0x0000000000006ee0        0xc C:/ncs/v3.2.1/nrfxlib/mpsl/fem/common/lib/nrf52/soft-float/libmpsl_fem_common.a(libmpsl_fem_common_debug_soft__obfuscated.elf)
                0x0000000000006ee0                mpsl_fem_lna_configuration_set
 .text          0x0000000000006eec        0xc C:/ncs/v3.2.1/nrfxlib/mpsl/fem/common/lib/nrf52/soft-float/libmpsl_fem_common.a(libmpsl_fem_common_debug_soft__obfuscated.elf)
                0x0000000000006eec                mpsl_fem_pa_configuration_clear
 .text          0x0000000000006ef8        0xc C:/ncs/v3.2.1/nrfxlib/mpsl/fem/common/lib/nrf52/soft-float/libmpsl_fem_common.a(libmpsl_fem_common_debug_soft__obfuscated.elf)
                0x0000000000006ef8                mpsl_fem_lna_configuration_clear
 .text          0x0000000000006f04        0xc C:/ncs/v3.2.1/nrfxlib/mpsl/fem/common/lib/nrf52/soft-float/libmpsl_fem_common.a(libmpsl_fem_common_debug_soft__obfuscated.elf)
                0x0000000000006f04                mpsl_fem_pa_power_control_set
 .text          0x0000000000006f10       0x18 C:/ncs/v3.2.1/nrfxlib/mpsl/fem/common/lib/nrf52/soft-float/libmpsl_fem_common.a(libmpsl_fem_common_debug_soft__obfuscated.elf)
                0x0000000000006f10                mpsl_fem_tx_power_split
 .text          0x0000000000006f28        0xc C:/ncs/v3.2.1/nrfxlib/mpsl/fem/common/lib/nrf52/soft-float/libmpsl_fem_common.a(libmpsl_fem_common_debug_soft__obfuscated.elf)
                0x0000000000006f28                mpsl_fem_device_config_254_apply_get
 .text          0x0000000000006f34       0x3c C:/ncs/v3.2.1/nrfxlib/mpsl/fem/common/lib/nrf52/soft-float/libmpsl_fem_common.a(libmpsl_fem_common_debug_soft__obfuscated.elf)
                0x0000000000006f34                mpsl_fem_utils_available_cc_channels_cache
 .text          0x0000000000006f70     0x2690 C:/ncs/v3.2.1/nrfxlib/mpsl/lib/nrf52/soft-float/libmpsl.a(libmpsl_debug_soft__obfuscated.elf)
                0x0000000000006f70                sym_AZF6WXJCN65YCD7ZAP7TGVQYTJ5FWOMJFQCRXXY
                0x0000000000006f94                sym_CPJ4W4WTM2AHPKPYRZYWCYZPFUYYVYJ5VXL6EFA
                0x0000000000006fac                sym_HKMCZYQJFPVS7WWBB467IOVE6DXROPF6QTNSZSY
                0x0000000000006fb0                sym_RKTRVZBVZOE2H7X26CNCGRCK4TXNFDN5CYTLZVI
                0x0000000000006fb4                sym_3KTET5JKP4AR3IX7SW7L5HD53IYGLZBTMI2ZJDY
                0x0000000000006fc8                sym_X4EOLDS7HLJRJIC2W2ME75XVHAUB5QNQKLPOW5A
                0x0000000000006fcc                sym_7XZ7GBQEVTLKCTY6TSRHEGOCEELZ2ECRZJ6DHRI
                0x0000000000006fd0                sym_SPAHHGRX4AQXQBNMW7NMLLFT4LSP2I3MBEV7CZQ
                0x0000000000006fd4                sym_K25ZYC6ARN7UUPJQIXPX4BET2ZZRP6QSSPY5TIY
                0x0000000000006fd8                sym_FLTCU2NBJHDGP4CZTAG4C44PLOPJKDDRVESBARY
                0x0000000000006fdc                sym_4ZSCFPVIRGDTD4NGS4LSLECDFYBDBG6VVCP7CXI
                0x0000000000006fe0                sym_MFTJUJNDLHK7EPVYJZ22BWTP6GN3ZEXC37JAHFA
                0x0000000000006ff0                sym_L3BWYCQWIETVHY7KA4HB4DY5VX35JKUQV3DDRQI
                0x0000000000007000                sym_5UC6I2IFHRSO64HSQBXZGO3KJYKHBIJFZGOJVAQ
                0x0000000000007084                sym_3WNEAT5G5YP2Y26XV3EJMEXLDNBI744C4KPB2PI
                0x00000000000070c8                sym_P6UKWXUEG2A2QOVDYCZXLZEWNE6FKCCKUQ7RSXQ
                0x0000000000007120                sym_S45OSIVNKRT2W6NCJGRIJOYNB4AYRQXRU3UVAJI
                0x0000000000007180                sym_7YM64HZKJSZJ2NGD75BB2X7S77SP5MW3H47NBFQ
                0x0000000000007190                sym_MORNFPLVOD35HVOQLEWXPTR6NUAMNRBMFKMLOPY
                0x00000000000071bc                sym_VEA3XUXA6JWPVDZO4KUGMREAFE6SS5ISNSUBONI
                0x00000000000071e4                sym_T24WQXZURS7Z5GWHZHR3TQPSU7OKZ2PFAUQ5SIA
                0x0000000000007234                sym_X6U2JLUGAWIZ72KNKHGAHKEQ3BP2EYXSRG3XIVA
                0x00000000000072a0                sym_YS5QMY67EQOG5UFK2L2RHT55PBWZXI73ZB7ALUA
                0x00000000000072c4                sym_CRE2QWRQ3K2HPKTULCVLC7KROLI7YLNX5JECKWI
                0x000000000000730c                sym_U3GUAL2FG2JRV4SP2VIBBQ2J7NXS7UVZRHJPO4Y
                0x000000000000735c                sym_VFDKZQRJAY62UBZN675F55ZLCNSA6LERZFHLF3Q
                0x00000000000073ac                sym_PD2Z7BNFTXXOBRLBAVNH4LWQW5Y3WU4VKQKH2VA
                0x0000000000007408                sym_3ANUE3ADHGWRFBZMW6K55BTJ3Y54PBB56LAZYCA
                0x0000000000007418                sym_IGFWPOUREFVROBJVR4P53OHBIBQSQYQO7JFK4KY
                0x0000000000007420                sym_GWDQS4OG3SPW3SMXVEXLXXHIVGP6G4RZGTJ55ZI
                0x0000000000007424                sym_DCETU5HKNHTQ67HARON3NMO7S3T2ZRZMZY3DKOI
                0x0000000000007428                sym_DSMDVE2VYJNKZZUHFBX5MZNNVD4JSLGOKA4LP2Q
                0x000000000000743c                sym_WBRSPUCFXZHUYDE5KMYTLQRMTVOQVIFQ22GH5AI
                0x0000000000007440                sym_7BY7NC5XFTTBMH5DXW5RNRM7QH4ITUHX3RYQOLI
                0x0000000000007444                sym_VWCQC4A3I3LBNIAAOSCGISP76ESOP4DNE3DCHGI
                0x00000000000078cc                sym_NAXHIIDB2OHTHT3Y3H6X2OTPPEM5W7LSTNSI73Q
                0x0000000000007904                sym_FZXH6PXTK5KWK6WPEKSGLFPXJYD52VD5L5YFPCY
                0x0000000000007920                sym_C5J26E5S2LFIPDPNZOXPD63JBZN57EZGBRF2HIQ
                0x0000000000007934                sym_ZOPRLHE544AAAOQWETJSYDQQYAWWWJXKNTSNVGA
                0x000000000000796c                sym_AMBHYXNU7PYNDAKUHUROD5SXBMYJXIUVA52R4VA
                0x0000000000007970                sym_6QFB7MDKADZ77L2VCGCE3NDXUGZBDHKLHID2BJA
                0x00000000000079cc                sym_6W3JRFJFKWMHX5TF6XOWKXMCNHQXLMTODZI37OA
                0x0000000000007a00                sym_JV7ILQ3KWGAHJYOG3LBRTREVFC2XKOW6DAXBQEY
                0x0000000000007a20                sym_VYUIG5G7GY35JENLAM47M3J7YIGG7HW6HUGO6KQ
                0x0000000000007a98                sym_B2V4CDOC44GG7XX3H5MPZLGUPL7TEUR3AYKLLBQ
                0x0000000000007afc                sym_5JCST2ZL2CQUW54F7Y33QYQ7U6G6DOTLZEP3EWY
                0x0000000000007b4c                sym_VWNWKQK3PM3PBLDVWENR67TH6FEMRVCKKZSIK2Q
                0x0000000000007c48                sym_DLXZUONX7TTVMDDWXI55YEPP6Q5KBHUTR4JHF5Q
                0x000000000000831c                sym_KDSX7VAZWAC2WT6X7YCMVK4ATDGZ4TEC2EV2SYY
                0x0000000000008364                sym_3IXWYTL62NHWC237SHWLZ2OF2TW5NMM4SULZS3Q
                0x0000000000008384                sym_JMUFINQ2ZTLEACYBPPJYZKOXXLILGIDNEIYCRWA
                0x00000000000083ac                sym_HDMVO4M24IIKUBW344PSZFWT25OK2Y3PVJE5WRI
                0x00000000000083c8                sym_S4TFNK3WGRXVRRDW5ADPHNU4GFD4F3DVY5ZY6KI
                0x00000000000083ec                sym_CYUDWAUG2VYBNAB2X3MWFN66YIYJWWBK3FINVBY
                0x000000000000840c                sym_YG3B2TXGZTCM6KBDWLP4S74MKBRFKP2JB24T3HQ
                0x0000000000008428                sym_E6S7HOMFELNIBFF7WVBBMRGAYP3FKFJEQZB5NWQ
                0x0000000000008444                MPSL_IRQ_TIMER0_Handler
                0x000000000000845c                MPSL_IRQ_RADIO_Handler
                0x0000000000008474                sym_H7CLSHW3BPTUSN7LCXDTWPY3F6XXYV3MEQ2IQLI
                0x0000000000008480                sym_G3XKMK6YL3MTP4PJEB2KZSJIFBUFHOHIA7GBHTY
                0x000000000000849c                sym_PZMT2YFVODPD5ETUBI5BMG4NL6XGWSMUTZUKPGA
                0x00000000000084ac                sym_S6YNDQBPWWSLDB7LTJPEYQR76RDFWJKOMVQ2DOQ